******************************************************************************
               TMS320C6x Linker PC v8.3.4                      
******************************************************************************
>> Linked Sun Feb  9 14:10:45 2020

OUTPUT FILE NAME:   <GPIO_LedBlink_lcdkOMAPL138_c674xTestProject.out>
ENTRY POINT SYMBOL: "_c_int00"  address: c3600000


MEMORY CONFIGURATION

         name            origin    length      used     unused   attr    fill
----------------------  --------  ---------  --------  --------  ----  --------
  IROM                  11700000   00100000  00000000  00100000  R  X
  IRAM                  11800000   00040000  00000000  00040000  RW X
  L3_CBA_RAM            80000000   00020000  00000000  00020000  RW X
  APP_CACHED_BIOS_RSVD_ c2000000   01000000  00000000  01000000  RWIX
  APP_CODE_MEM          c3001000   001ff000  000195c0  001e5a40  RWIX
  APP_CACHED_DATA_MEM   c3200000   00400000  0003ae06  003c51fa  RWIX
  APP_CACHED_DATA_BLK1_ c3600000   00400000  000000c0  003fff40  RWIX
  APP_CACHED_DATA_BLK2_ c3a00000   00200000  00000000  00200000  RWIX
  APP_UNCACHED_DATA_BLK c3d00000   00200000  00000000  00200000  RWIX


SEGMENT ALLOCATION MAP

run origin  load origin   length   init length attrs members
----------  ----------- ---------- ----------- ----- -------
c3001000    c3001000    000193c0   000193c0    r-x
  c3001000    c3001000    000193c0   000193c0    r-x .text
c301a400    c301a400    00000200   00000200    r-x
  c301a400    c301a400    00000200   00000200    r-x .vecs
c3200000    c3200000    00035b50   00000000    rw-
  c3200000    c3200000    00032000   00000000    rw- systemHeap
  c3232000    c3232000    00003b50   00000000    rw- .far
c3235b50    c3235b50    0000297c   0000297c    r--
  c3235b50    c3235b50    0000297c   0000297c    r-- .const
c32384d0    c32384d0    00001fd0   00000000    rw-
  c32384d0    c32384d0    00001000   00000000    rw- .stack
  c32394d0    c32394d0    00000eaa   00000000    rw- .fardata
  c323a380    c323a380    00000120   00000000    rw- .cio
c323a4a0    c323a4a0    00000090   00000090    r--
  c323a4a0    c323a4a0    00000090   00000090    r-- .switch
c323a530    c323a530    00000028   00000000    rw-
  c323a530    c323a530    00000028   00000000    rw- .neardata
c323a558    c323a558    000008b8   000008b8    r--
  c323a558    c323a558    000008b8   000008b8    r-- .cinit
c3600000    c3600000    000000c0   000000c0    r-x
  c3600000    c3600000    000000c0   000000c0    r-x .text:_c_int00


SECTION ALLOCATION MAP

 output                                  attributes/
section   page    origin      length       input sections
--------  ----  ----------  ----------   ----------------
.vecs      0    c301a400    00000200     
                  c301a400    00000200     gpio_test_pe674.oe674 (.vecs)

.stack     0    c32384d0    00001000     UNINITIALIZED
                  c32384d0    00000008     boot.ae674 : boot.oe674 (.stack)
                  c32384d8    00000ff8     --HOLE--

.bss       0    c323a530    00000000     UNINITIALIZED

.neardata 
*          0    c323a530    00000028     UNINITIALIZED
                  c323a530    00000018     ti.osal.ae674 : Utils_tirtos.oe674 (.neardata)
                  c323a548    00000005     ti.drv.gpio.ae674 : GPIO_v0.oe674 (.neardata)
                  c323a54d    00000003     --HOLE--
                  c323a550    00000004     main_led_blink.obj (.neardata)
                  c323a554    00000004     ti.drv.uart.ae674 : UART_drv.oe674 (.neardata)

.rodata    0    c323a558    00000000     UNINITIALIZED

.cinit     0    c323a558    000008b8     
                  c323a558    0000086b     (.cinit..fardata.load) [load image, compression = rle]
                  c323adc3    0000000d     (.cinit.systemHeap.load) [load image, compression = rle]
                  c323add0    0000000c     (.cinit..neardata.load) [load image, compression = rle]
                  c323addc    0000000b     (.cinit..far.load) [load image, compression = rle]
                  c323ade7    00000001     --HOLE-- [fill = 0]
                  c323ade8    00000008     (__TI_handler_table)
                  c323adf0    00000020     (__TI_cinit_table)

.init_array 
*          0    c3200000    00000000     UNINITIALIZED

systemHeap 
*          0    c3200000    00032000     UNINITIALIZED
                  c3200000    00032000     gpio_test_pe674.oe674 (systemHeap)

.text:_c_int00 
*          0    c3600000    000000c0     
                  c3600000    000000a0     boot.ae674 : boot.oe674 (.text:_c_int00)
                  c36000a0    00000010     gpio_test_pe674.oe674 ($Tramp$S$$xdc_runtime_Startup_reset__I)
                  c36000b0    00000010     --HOLE-- [fill = 00000000]

xdc.meta   0    c3200000    00000118     COPY SECTION
                  c3200000    00000118     gpio_test_pe674.oe674 (xdc.meta)

.text      0    c3001000    000193c0     
                  c3001000    00002040     rts6740_elf.lib : _printfi.c.obj (.text:__TI_printfi)
                  c3003040    000008a0     ti.targets.rts6000.ae674 : System.oe674 (.text:xdc_runtime_System_doPrint__I)
                  c30038e0    00000780     sysbios.ae674 : BIOS.obj (.text:ti_sysbios_family_c64p_Exception_handler__I)
                  c3004060    00000740                   : BIOS.obj (.text:ti_sysbios_knl_Semaphore_pend__E)
                  c30047a0    00000700     ti.drv.uart.ae674 : UART_v0.oe674 (.text:UART_v0_hwiIntFxn$0)
                  c3004ea0    000006c0     sysbios.ae674 : BIOS.obj (.text:ti_sysbios_timers_timer64_Timer_Module_startup__E)
                  c3005560    00000660     rts6740_elf.lib : _printfi.c.obj (.text:_pconv_a)
                  c3005bc0    00000640     sysbios.ae674 : BIOS.obj (.text:ti_sysbios_family_c64p_Cache_Module_startup__E)
                  c3006200    00000620                   : BIOS.obj (.text:ti_sysbios_heaps_HeapMem_allocUnprotected__E)
                  c3006820    000005e0     ti.drv.uart.ae674 : UART_stdio.oe674 (.text:UART_printf)
                  c3006e00    000005e0     rts6740_elf.lib : divd.c.obj (.text:__c6xabi_divd)
                  c30073e0    000005c0     sysbios.ae674 : BIOS.obj (.text:ti_sysbios_heaps_HeapMem_freeUnprotected__E)
                  c30079a0    00000500                   : BIOS.obj (.text:ti_sysbios_knl_Task_Instance_finalize__E)
                  c3007ea0    00000460     ti.board.ae674 : lcdkOMAPL138_pinmux.oe674 (.text:Board_pinmuxConfig)
                  c3008300    00000460     ti.drv.uart.ae674 : UART_v0.oe674 (.text:UART_open_v0$0)
                  c3008760    00000460     sysbios.ae674 : BIOS.obj (.text:ti_sysbios_knl_Task_sleep__E)
                  c3008bc0    00000400     ti.drv.uart.ae674 : UART_v0.oe674 (.text:UART_write2_v0$0)
                  c3008fc0    00000400     rts6740_elf.lib : _printfi.c.obj (.text:_pconv_g)
                  c30093c0    000003e0     ti.drv.uart.ae674 : UART_v0.oe674 (.text:UART_read2_v0$0)
                  c30097a0    000003c0     sysbios.ae674 : BIOS.obj (.text:ti_sysbios_knl_Task_Instance_init__E)
                  c3009b60    00000380     ti.drv.gpio.ae674 : GPIO_v0.oe674 (.text:GPIO_setConfig_v0$0)
                  c3009ee0    00000360     gpio_test_pe674.oe674 (.text:xdc_runtime_System_printfExtend__I)
                  c300a240    00000340     sysbios.ae674 : BIOS.obj (.text:ti_sysbios_timers_timer64_Timer_deviceConfig__I)
                  c300a580    00000320                   : BIOS.obj (.text:ti_sysbios_knl_Swi_runLoop__I)
                  c300a8a0    00000300                   : BIOS.obj (.text:ti_sysbios_knl_Task_Module_startup__E)
                  c300aba0    000002e0     ti.board.ae674 : lcdkOMAPL138_pll.oe674 (.text:Board_CorePLLConfig)
                  c300ae80    000002e0     rts6740_elf.lib : fputs.c.obj (.text:fputs)
                  c300b160    000002e0     sysbios.ae674 : BIOS.obj (.text:ti_sysbios_heaps_HeapMem_Instance_init__E)
                  c300b440    000002c0                   : BIOS.obj (.text:ti_sysbios_knl_Clock_workFunc__E)
                  c300b700    000002a0     ti.board.ae674 : lcdkOMAPL138_pll.oe674 (.text:Board_DDRPLLConfig)
                  c300b9a0    000002a0     rts6740_elf.lib : _printfi.c.obj (.text:_pconv_e)
                  c300bc40    000002a0                     : _printfi.c.obj (.text:fcvt)
                  c300bee0    000002a0     sysbios.ae674 : BIOS.obj (.text:ti_sysbios_family_c64p_Hwi_reconfig__E)
                  c300c180    00000260     rts6740_elf.lib : imath64.c.obj (.text:__c6xabi_divull)
                  c300c3e0    00000260     sysbios.ae674 : BIOS.obj (.text:ti_sysbios_family_c64p_Cache_block__I)
                  c300c640    00000260                   : BIOS.obj (.text:ti_sysbios_family_c64p_Hwi_dispatchCore__I)
                  c300c8a0    00000260                   : BIOS.obj (.text:ti_sysbios_knl_Semaphore_post__E)
                  c300cb00    00000260     ti.targets.rts6000.ae674 : Startup.oe674 (.text:xdc_runtime_Startup_startMods__I)
                  c300cd60    00000240     ti.board.ae674 : lcdkOMAPL138_clock.oe674 (.text:Board_moduleClockEnable)
                  c300cfa0    00000240     ti.osal.ae674 : HwiP_tirtos.oe674 (.text:HwiP_create)
                  c300d1e0    00000240     sysbios.ae674 : BIOS.obj (.text:ti_sysbios_family_c64p_EventCombiner_dispatch__E)
                  c300d420    00000240                   : BIOS.obj (.text:ti_sysbios_family_c64p_Exception_internalHandler__I)
                  c300d660    00000240     ti.targets.rts6000.ae674 : Core-mem.oe674 (.text:xdc_runtime_Core_createObject__I)
                  c300d8a0    00000220     main_led_blink.obj (.text)
                  c300dac0    00000220     sysbios.ae674 : BIOS.obj (.text:ti_sysbios_knl_Swi_run__I)
                  c300dce0    00000220                   : BIOS.obj (.text:ti_sysbios_timers_timer64_Timer_setPeriodMicroSecs__E)
                  c300df00    00000220     ti.targets.rts6000.ae674 : Error.oe674 (.text:xdc_runtime_Error_policyDefault__E)
                  c300e120    00000200     ti.drv.gpio.ae674 : GPIO_v0.oe674 (.text:GPIO_v0_hwiFxn$0)
                  c300e320    00000200     ti.osal.ae674 : SemaphoreP_tirtos.oe674 (.text:SemaphoreP_create)
                  c300e520    00000200     ti.drv.uart.ae674 : UART_v0.oe674 (.text:UART_readPolling_v0$0)
                  c300e720    00000200     rts6740_elf.lib : _printfi.c.obj (.text:_ltostr)
                  c300e920    00000200     sysbios.ae674 : c64p_Hwi_disp_always.obj (.text:_ti_sysbios_family_c64p_Hwi_dispatchAlways)
                  c300eb20    000001e0     ti.board.ae674 : lcdkOMAPL138_clock.oe674 (.text:Board_moduleClockSyncReset)
                  c300ed00    000001e0     ti.drv.uart.ae674 : UART_stdio.oe674 (.text:UART_convertVal$0)
                  c300eee0    000001e0     sysbios.ae674 : BIOS.obj (.text:ti_sysbios_family_c64p_EventCombiner_dispatchPlug__E)
                  c300f0c0    000001e0                   : BIOS.obj (.text:ti_sysbios_gates_GateMutex_enter__E)
                  c300f2a0    000001e0     ti.targets.rts6000.ae674 : Text.oe674 (.text:xdc_runtime_Text_putSite__E)
                  c300f480    000001c0     ti.drv.gpio.ae674 : GPIO_v0.oe674 (.text:GPIO_init_v0$0)
                  c300f640    000001c0     rts6740_elf.lib : imath40.c.obj (.text:__c6xabi_divul)
                  c300f800    000001c0                     : fputc.c.obj (.text:fputc)
                  c300f9c0    000001c0                     : frexp.c.obj (.text:frexp)
                  c300fb80    000001c0                     : setvbuf.c.obj (.text:setvbuf)
                  c300fd40    000001c0     sysbios.ae674 : BIOS.obj (.text:ti_sysbios_timers_timer64_Timer_getFreq__E)
                  c300ff00    000001a0     rts6740_elf.lib : hostrename.c.obj (.text:HOSTrename)
                  c30100a0    000001a0     sysbios.ae674 : BIOS.obj (.text:ti_sysbios_heaps_HeapBuf_Module_startup__E)
                  c3010240    000001a0                   : BIOS.obj (.text:ti_sysbios_timers_timer64_Timer_start__E)
                  c30103e0    000001a0     ti.targets.rts6000.ae674 : Core-smem.oe674 (.text:xdc_runtime_Core_constructObject__I)
                  c3010580    00000180     ti.board.ae674 : lcdkOMAPL138_ddr.oe674 (.text:Board_DDR3Init)
                  c3010700    00000180                    : lcdkOMAPL138.oe674 (.text:Board_init)
                  c3010880    00000180     ti.osal.ae674 : RegisterIntr_tirtos.oe674 (.text:Osal_RegisterInterrupt)
                  c3010a00    00000180     boot.ae674 : autoinit.oe674 (.text:__TI_auto_init:_auto_init_elf)
                  c3010b80    00000180     rts6740_elf.lib : ldexp.c.obj (.text:ldexp)
                  c3010d00    00000180     sysbios.ae674 : c64p_Exception_asm.obj (.text)
                  c3010e80    00000180                   : BIOS.obj (.text:ti_sysbios_family_c64p_EventCombiner_disableEvent__E)
                  c3011000    00000180                   : BIOS.obj (.text:ti_sysbios_family_c64p_EventCombiner_enableEvent__E)
                  c3011180    00000180                   : BIOS.obj (.text:ti_sysbios_knl_Task_exit__E)
                  c3011300    00000180                   : BIOS.obj (.text:ti_sysbios_knl_Task_schedule__I)
                  c3011480    00000180                   : BIOS.obj (.text:ti_sysbios_knl_Task_startCore__E)
                  c3011600    00000160     ti.csl.ae674 : gpio.oe674 (.text:GPIOSetIntrType_v0)
                  c3011760    00000160     sysbios.ae674 : BIOS.obj (.text:ti_sysbios_knl_Swi_post__E)
                  c30118c0    00000160     ti.targets.rts6000.ae674 : Text.oe674 (.text:xdc_runtime_Text_putMod__E)
                  c3011a20    00000140     ti.osal.ae674 : EventCombinerP_tirtos.oe674 (.text:EventCombinerP_SingleRegisterInt)
                  c3011b60    00000140     sysbios.ae674 : BIOS.obj (.text:ti_sysbios_family_c64p_Hwi_Module_startup__E)
                  c3011ca0    00000140                   : BIOS.obj (.text:ti_sysbios_knl_Semaphore_Instance_init__E)
                  c3011de0    00000140                   : BIOS.obj (.text:ti_sysbios_knl_Task_blockI__E)
                  c3011f20    00000140                   : BIOS.obj (.text:ti_sysbios_knl_Task_postInit__I)
                  c3012060    00000140     ti.targets.rts6000.ae674 : Core-mem.oe674 (.text:xdc_runtime_Core_deleteObject__I)
                  c30121a0    00000140                              : Text.oe674 (.text:xdc_runtime_Text_putLab__E)
                  c30122e0    00000120     ti.board.ae674 : lcdkOMAPL138_pinmux.oe674 (.text:Board_configEmifPinMux)
                  c3012400    00000120     rts6740_elf.lib : _printfi.c.obj (.text:_pconv_f)
                  c3012520    00000120                     : getdevice.c.obj (.text:getdevice)
                  c3012640    00000120     gpio_test_pe674.oe674 (.text:ti_sysbios_BIOS_rtsUnlock__I)
                  c3012760    00000120     sysbios.ae674 : BIOS.obj (.text:ti_sysbios_family_c64p_Hwi_Instance_init__E)
                  c3012880    00000120                   : BIOS.obj (.text:ti_sysbios_knl_Swi_restoreHwi__E)
                  c30129a0    00000120                   : BIOS.obj (.text:ti_sysbios_knl_Task_unblockI__E)
                  c3012ac0    00000100     ti.board.ae674 : lcdkOMAPL138_clock.oe674 (.text:Board_moduleClockInit)
                  c3012bc0    00000100     ti.drv.gpio.ae674 : GPIO_v0.oe674 (.text:GPIO_enableInt_v0$0)
                  c3012cc0    00000100                       : GPIO_v0.oe674 (.text:GPIO_toggle_v0$0)
                  c3012dc0    00000100                       : GPIO_v0.oe674 (.text:GPIO_write_v0$0)
                  c3012ec0    00000100     ti.drv.uart.ae674 : UART_v0.oe674 (.text:UART_read_v0$0)
                  c3012fc0    00000100                       : UART_v0.oe674 (.text:UART_writePolling_v0$0)
                  c30130c0    00000100                       : UART_v0.oe674 (.text:UART_write_v0$0)
                  c30131c0    00000100     rts6740_elf.lib : fclose.c.obj (.text:__TI_closefile)
                  c30132c0    00000100                     : copy_decompress_rle.c.obj (.text:__TI_decompress_rle_core)
                  c30133c0    00000100                     : _printfi.c.obj (.text:_mcpy)
                  c30134c0    00000100                     : atoi.c.obj (.text:atoi)
                  c30135c0    00000100                     : cpy_tbl.c.obj (.text:copy_in)
                  c30136c0    00000100                     : fflush.c.obj (.text:fflush)
                  c30137c0    00000100                     : fseek.c.obj (.text:fseek)
                  c30138c0    00000100     sysbios.ae674 : BIOS.obj (.text:ti_sysbios_family_c64p_Hwi_Instance_finalize__E)
                  c30139c0    00000100                   : BIOS.obj (.text:ti_sysbios_timers_timer64_Timer_initDevice__I)
                  c3013ac0    00000100     ti.targets.rts6000.ae674 : Error.oe674 (.text:xdc_runtime_Error_print__E)
                  c3013bc0    00000100                              : Memory.oe674 (.text:xdc_runtime_Memory_alloc__E)
                  c3013cc0    00000100                              : Startup.oe674 (.text:xdc_runtime_Startup_exec__E)
                  c3013dc0    000000e0     ti.drv.gpio.ae674 : GPIO_v0.oe674 (.text:GPIO_setCallback_v0$0)
                  c3013ea0    000000e0     rts6740_elf.lib : hostlseek.c.obj (.text:HOSTlseek)
                  c3013f80    000000e0                     : hostopen.c.obj (.text:HOSTopen)
                  c3014060    000000e0                     : hostwrite.c.obj (.text:HOSTwrite)
                  c3014140    000000e0     ti.drv.uart.ae674 : UART_v0.oe674 (.text:UART_close_v0$0)
                  c3014220    000000e0                       : UART_v0.oe674 (.text:UART_readCancelNoCB$0)
                  c3014300    000000e0     rts6740_elf.lib : _ltoa.c.obj (.text:__TI_ltoa)
                  c30143e0    000000e0                     : _io_perm.c.obj (.text:__TI_wrt_ok)
                  c30144c0    000000e0                     : close.c.obj (.text:close)
                  c30145a0    000000e0                     : exit.c.obj (.text:exit)
                  c3014680    000000e0                     : memset.c.obj (.text:memset)
                  c3014760    000000e0                     : printf.c.obj (.text:printf)
                  c3014840    000000e0     sysbios.ae674 : BIOS.obj (.text:ti_sysbios_heaps_HeapMem_alloc__E)
                  c3014920    000000e0                   : BIOS.obj (.text:ti_sysbios_timers_timer64_Timer_startup__E)
                  c3014a00    000000e0     ti.targets.rts6000.ae674 : Text.oe674 (.text:xdc_runtime_Text_visitRope2__I)
                  c3014ae0    000000c0     ti.drv.gpio.ae674 : GPIO_v0.oe674 (.text:GPIO_disableInt_v0$0)
                  c3014ba0    000000c0                       : GPIO_soc.oe674 (.text:GPIO_socSetBankInt)
                  c3014c60    000000c0     rts6740_elf.lib : hostread.c.obj (.text:HOSTread)
                  c3014d20    000000c0                     : hostunlink.c.obj (.text:HOSTunlink)
                  c3014de0    000000c0     ti.osal.ae674 : Utils_tirtos.oe674 (.text:Osal_delay)
                  c3014ea0    000000c0     ti.drv.uart.ae674 : UART_v0.oe674 (.text:UART_charPut$0)
                  c3014f60    000000c0                       : UART_stdio.oe674 (.text:UART_stdioInit)
                  c3015020    000000c0                       : UART_v0.oe674 (.text:UART_writeCancelNoCB$0)
                  c30150e0    000000c0     rts6740_elf.lib : fflush.c.obj (.text:__TI_doflush)
                  c30151a0    000000c0                     : divu.asm.obj (.text:__divu)
                  c3015260    000000c0     sysbios.ae674 : BIOS.obj (.text:ti_sysbios_heaps_HeapMem_getStats__E)
                  c3015320    000000c0                   : BIOS.obj (.text:ti_sysbios_knl_Clock_logTick__E)
                  c30153e0    000000c0                   : BIOS.obj (.text:ti_sysbios_knl_Swi_schedule__I)
                  c30154a0    000000c0                   : BIOS.obj (.text:ti_sysbios_knl_Task_allBlockedFunction__I)
                  c3015560    000000c0     rts6740_elf.lib : tls.c.obj (.text:tls:init:__TI_tls_init)
                  c3015620    000000c0     ti.targets.rts6000.ae674 : Assert.oe674 (.text:xdc_runtime_Assert_raise__I)
                  c30156e0    000000c0                              : Error.oe674 (.text:xdc_runtime_Error_setX__E)
                  c30157a0    000000a0     rts6740_elf.lib : hostclose.c.obj (.text:HOSTclose)
                  c3015840    000000a0     ti.osal.ae674 : HwiP_tirtos.oe674 (.text:HwiP_delete)
                  c30158e0    000000a0                   : RegisterIntr_tirtos.oe674 (.text:Osal_DeleteInterrupt)
                  c3015980    000000a0                   : SemaphoreP_tirtos.oe674 (.text:SemaphoreP_delete)
                  c3015a20    000000a0     ti.drv.uart.ae674 : UART_drv.oe674 (.text:UART_init)
                  c3015ac0    000000a0                       : UART_v0.oe674 (.text:UART_v0_callback)
                  c3015b60    000000a0     rts6740_elf.lib : fopen.c.obj (.text:__TI_cleanup)
                  c3015c00    000000a0                     : remu.asm.obj (.text:__remu)
                  c3015ca0    000000a0                     : _printfi.c.obj (.text:_ecpy)
                  c3015d40    000000a0     sysbios.ae674 : c64p_Hwi_asm.obj (.text:_ti_sysbios_family_c64p_Hwi_plug__E)
                  c3015de0    000000a0     rts6740_elf.lib : getdevice.c.obj (.text:finddevice)
                  c3015e80    000000a0                     : memcpy64.asm.obj (.text:memcpy)
                  c3015f20    000000a0     sysbios.ae674 : BIOS.obj (.text:ti_sysbios_family_c64p_Exception_Module_startup__E)
                  c3015fc0    000000a0     gpio_test_pe674.oe674 (.text:ti_sysbios_family_c64p_Hwi_construct)
                  c3016060    000000a0     sysbios.ae674 : BIOS.obj (.text:ti_sysbios_family_c64p_Hwi_dispatchC__I)
                  c3016100    000000a0                   : BIOS.obj (.text:ti_sysbios_family_c64p_Hwi_getStackInfo__E)
                  c30161a0    000000a0     gpio_test_pe674.oe674 (.text:ti_sysbios_knl_Task_create)
                  c3016240    000000a0     sysbios.ae674 : BIOS.obj (.text:ti_sysbios_timers_timer64_Timer_stop__E)
                  c30162e0    000000a0     ti.targets.rts6000.ae674 : Core-params.oe674 (.text:xdc_runtime_Core_assignParams__I)
                  c3016380    000000a0                              : System.oe674 (.text:xdc_runtime_System_formatNum__I)
                  c3016420    000000a0                              : System.oe674 (.text:xdc_runtime_System_putchar__I)
                  c30164c0    000000a0                              : Text.oe674 (.text:xdc_runtime_Text_printVisFxn__I)
                  c3016560    000000a0                              : Text.oe674 (.text:xdc_runtime_Text_xprintf__I)
                  c3016600    00000080     ti.board.ae674 : lcdkOMAPL138_clock.oe674 (.text:CSL_PSC_setModuleNextState$0)
                  c3016680    00000080     ti.osal.ae674 : EventCombinerP_tirtos.oe674 (.text:EventCombinerP_GroupRegisterInt)
                  c3016700    00000080                   : EventCombinerP_tirtos.oe674 (.text:EventCombinerP_getHwi)
                  c3016780    00000080                   : EventCombinerP_tirtos.oe674 (.text:EventCombinerP_getIntNum)
                  c3016800    00000080     ti.csl.ae674 : gpio.oe674 (.text:GPIOSetDirMode_v0)
                  c3016880    00000080     ti.drv.gpio.ae674 : GPIO_v0.oe674 (.text:GPIO_clearInt_v0$0)
                  c3016900    00000080                       : GPIO_v0.oe674 (.text:GPIO_read_v0$0)
                  c3016980    00000080     ti.csl.ae674 : uart.oe674 (.text:UART_charPut_v0)
                  c3016a00    00000080                  : uart.oe674 (.text:UART_fIFOConfig_v0)
                  c3016a80    00000080     rts6740_elf.lib : trgmsg.c.obj (.text:__TI_readmsg)
                  c3016b00    00000080                     : llshift.c.obj (.text:__c6xabi_llshl)
                  c3016b80    00000080     sysbios.ae674 : c62_TaskSupport_asm.obj (.text:_ti_sysbios_family_c62_TaskSupport_swap__E)
                  c3016c00    00000080                   : BIOS.obj (.text:ti_sysbios_family_c64p_Cache_invL1pAll__E)
                  c3016c80    00000080                   : BIOS.obj (.text:ti_sysbios_hal_Hwi_checkStack)
                  c3016d00    00000080                   : BIOS.obj (.text:ti_sysbios_hal_Hwi_initStack)
                  c3016d80    00000080                   : BIOS.obj (.text:ti_sysbios_heaps_HeapMem_init__I)
                  c3016e00    00000080                   : BIOS.obj (.text:ti_sysbios_knl_Idle_run__E)
                  c3016e80    00000080                   : BIOS.obj (.text:ti_sysbios_knl_Semaphore_pendTimeout__I)
                  c3016f00    00000080                   : BIOS.obj (.text:ti_sysbios_knl_Swi_startup__E)
                  c3016f80    00000080                   : BIOS.obj (.text:ti_sysbios_knl_Task_restore__E)
                  c3017000    00000080     gpio_test_pe674.oe674 (.text:ti_sysbios_rts_MemAlloc_alloc)
                  c3017080    00000080     rts6740_elf.lib : unlink.c.obj (.text:unlink)
                  c3017100    00000080     ti.targets.rts6000.ae674 : Core-label.oe674 (.text:xdc_runtime_Core_assignLabel__I)
                  c3017180    00000080                              : SysStd.oe674 (.text:xdc_runtime_SysStd_abort__E)
                  c3017200    00000080                              : System.oe674 (.text:xdc_runtime_System_atexit__E)
                  c3017280    00000080                              : System.oe674 (.text:xdc_runtime_System_avprintf__E)
                  c3017300    00000080                              : System.oe674 (.text:xdc_runtime_System_processAtExit__E)
                  c3017380    00000080                              : System.oe674 (.text:xdc_runtime_System_vprintf__E)
                  c3017400    00000060     ti.csl.ae674 : gpio.oe674 (.text:GPIOPinWrite_v0)
                  c3017460    00000060     ti.osal.ae674 : RegisterIntr_tirtos.oe674 (.text:Osal_ClearInterrupt)
                  c30174c0    00000060                   : Utils_tirtos.oe674 (.text:Osal_getHwAttrs)
                  c3017520    00000060                   : Utils_tirtos.oe674 (.text:Osal_getThreadType)
                  c3017580    00000060                   : SemaphoreP_tirtos.oe674 (.text:SemaphoreP_Params_init)
                  c30175e0    00000060                   : SemaphoreP_tirtos.oe674 (.text:SemaphoreP_pend)
                  c3017640    00000060     ti.csl.ae674 : uart.oe674 (.text:UART_divisorLatchWrite_v0)
                  c30176a0    00000060                  : uart.oe674 (.text:UART_divisorValCompute_v0)
                  c3017700    00000060                  : uart.oe674 (.text:UART_fifoWait_v0)
                  c3017760    00000060                  : uart.oe674 (.text:UART_lineCharacConfig_v0)
                  c30177c0    00000060     ti.drv.uart.ae674 : UART_v0.oe674 (.text:UART_readCancel_v0$0)
                  c3017820    00000060                       : UART_v0.oe674 (.text:UART_writeCancel_v0$0)
                  c3017880    00000060     rts6740_elf.lib : trgmsg.c.obj (.text:__TI_writemsg)
                  c30178e0    00000060                     : llshift.c.obj (.text:__c6xabi_llshru)
                  c3017940    00000060                     : imath64.c.obj (.text:_subcull)
                  c30179a0    00000060     sysbios.ae674 : c64p_Hwi_asm_switch.obj (.text:_ti_sysbios_family_c64p_Hwi_switchAndDispatch__I)
                  c3017a00    00000060                   : c64p_Hwi_asm_switch.obj (.text:_ti_sysbios_family_xxx_Hwi_switchAndRunFunc)
                  c3017a60    00000060     rts6740_elf.lib : lseek.c.obj (.text:lseek)
                  c3017ac0    00000060                     : memccpy.c.obj (.text:memccpy)
                  c3017b20    00000060     gpio_test_pe674.oe674 (.text:ti_sysbios_BIOS_atExitFunc__I)
                  c3017b80    00000060     gpio_test_pe674.oe674 (.text:ti_sysbios_BIOS_errorRaiseHook__I)
                  c3017be0    00000060     gpio_test_pe674.oe674 (.text:ti_sysbios_BIOS_rtsLock__I)
                  c3017c40    00000060     sysbios.ae674 : BIOS.obj (.text:ti_sysbios_family_c62_TaskSupport_start__E)
                  c3017ca0    00000060                   : BIOS.obj (.text:ti_sysbios_family_c64p_Cache_setMar__E)
                  c3017d00    00000060                   : BIOS.obj (.text:ti_sysbios_family_c64p_EventCombiner_unused__E)
                  c3017d60    00000060     gpio_test_pe674.oe674 (.text:ti_sysbios_gates_GateHwi_Object__create__S)
                  c3017dc0    00000060     gpio_test_pe674.oe674 (.text:ti_sysbios_gates_GateMutex_Object__create__S)
                  c3017e20    00000060     gpio_test_pe674.oe674 (.text:ti_sysbios_heaps_HeapMem_Object__create__S)
                  c3017e80    00000060     gpio_test_pe674.oe674 (.text:ti_sysbios_heaps_HeapMem_Object__get__S)
                  c3017ee0    00000060     sysbios.ae674 : BIOS.obj (.text:ti_sysbios_heaps_HeapMem_free__E)
                  c3017f40    00000060                   : BIOS.obj (.text:ti_sysbios_knl_Clock_Module_startup__E)
                  c3017fa0    00000060     gpio_test_pe674.oe674 (.text:ti_sysbios_knl_Clock_doTick__I)
                  c3018000    00000060     gpio_test_pe674.oe674 (.text:ti_sysbios_knl_Queue_construct)
                  c3018060    00000060     gpio_test_pe674.oe674 (.text:ti_sysbios_knl_Semaphore_construct)
                  c30180c0    00000060     sysbios.ae674 : BIOS.obj (.text:ti_sysbios_knl_Swi_Module_startup__E)
                  c3018120    00000060     gpio_test_pe674.oe674 (.text:ti_sysbios_knl_Task_Object__get__S)
                  c3018180    00000060     sysbios.ae674 : BIOS.obj (.text:ti_sysbios_knl_Task_enter__I)
                  c30181e0    00000060     ti.drv.uart.ae674 : UART_stdio.oe674 (.text:uart_console_putc$0)
                  c3018240    00000060     rts6740_elf.lib : write.c.obj (.text:write)
                  c30182a0    00000060     ti.targets.rts6000.ae674 : Memory.oe674 (.text:xdc_runtime_Memory_valloc__E)
                  c3018300    00000060                              : Text.oe674 (.text:xdc_runtime_Text_cordText__E)
                  c3018360    00000040     ti.csl.ae674 : gpio.oe674 (.text:GPIOIntrClear_v0)
                  c30183a0    00000040                  : gpio.oe674 (.text:GPIOIntrDisable_v0)
                  c30183e0    00000040                  : gpio.oe674 (.text:GPIOIntrEnable_v0)
                  c3018420    00000040                  : gpio.oe674 (.text:GPIOPinOutValueRead_v0)
                  c3018460    00000040                  : gpio.oe674 (.text:GPIOPinRead_v0)
                  c30184a0    00000040     ti.drv.gpio.ae674 : GPIO_drv.oe674 (.text:GPIO_init)
                  c30184e0    00000040                       : GPIO_drv.oe674 (.text:GPIO_read)
                  c3018520    00000040                       : GPIO_drv.oe674 (.text:GPIO_setCallback)
                  c3018560    00000040                       : GPIO_soc.oe674 (.text:GPIO_socGetInitCfg)
                  c30185a0    00000040                       : GPIO_drv.oe674 (.text:GPIO_toggle)
                  c30185e0    00000040     ti.osal.ae674 : MuxIntcP_tirtos.oe674 (.text:MuxIntcP_create)
                  c3018620    00000040                   : Utils_tirtos.oe674 (.text:Osal_DebugP_assert)
                  c3018660    00000040                   : RegisterIntr_tirtos.oe674 (.text:Osal_RegisterInterrupt_initParams)
                  c30186a0    00000040                   : SemaphoreP_tirtos.oe674 (.text:SemaphoreP_post)
                  c30186e0    00000040     ti.csl.ae674 : uart.oe674 (.text:UART_breakCtl_v0)
                  c3018720    00000040                  : uart.oe674 (.text:UART_charGetNonBlocking2_v0)
                  c3018760    00000040                  : uart.oe674 (.text:UART_intDisable_v0)
                  c30187a0    00000040                  : uart.oe674 (.text:UART_intEnable_v0)
                  c30187e0    00000040                  : uart.oe674 (.text:UART_intIdentityGet_v0)
                  c3018820    00000040                  : uart.oe674 (.text:UART_loopbackModeControl_v0)
                  c3018860    00000040     ti.drv.uart.ae674 : UART_drv.oe674 (.text:UART_open)
                  c30188a0    00000040     ti.csl.ae674 : uart.oe674 (.text:UART_readLineStatus_v0)
                  c30188e0    00000040     rts6740_elf.lib : frcmpyd_div.c.obj (.text:__TI_frcmpyd_div)
                  c3018920    00000040                     : isinf.c.obj (.text:__c6xabi_isinf)
                  c3018960    00000040                     : _printfi.c.obj (.text:__c6xabi_isnan)
                  c30189a0    00000040                     : strasg.asm.obj (.text:__strasgi_64plus)
                  c30189e0    00000040                     : args_main.c.obj (.text:_args_main)
                  c3018a20    00000040     sysbios.ae674 : c62_TaskSupport_asm.obj (.text:_ti_sysbios_family_c62_TaskSupport_buildTaskStack)
                  c3018a60    00000040     gpio_test_pe674.oe674 (.text:free)
                  c3018aa0    00000040     gpio_test_pe674.oe674 (.text:ti_sysbios_BIOS_exitFunc__I)
                  c3018ae0    00000040     gpio_test_pe674.oe674 (.text:ti_sysbios_BIOS_registerRTSLock__I)
                  c3018b20    00000040     gpio_test_pe674.oe674 (.text:ti_sysbios_BIOS_removeRTSLock__I)
                  c3018b60    00000040     gpio_test_pe674.oe674 (.text:ti_sysbios_BIOS_startFunc__I)
                  c3018ba0    00000040     sysbios.ae674 : BIOS.obj (.text:ti_sysbios_family_c64p_EventCombiner_Module_startup__E)
                  c3018be0    00000040     gpio_test_pe674.oe674 (.text:ti_sysbios_family_c64p_Hwi_Module__startupDone__F)
                  c3018c20    00000040     gpio_test_pe674.oe674 (.text:ti_sysbios_family_c64p_Hwi_Params__init__S)
                  c3018c60    00000040     gpio_test_pe674.oe674 (.text:ti_sysbios_family_c64p_Hwi_destruct)
                  c3018ca0    00000040     sysbios.ae674 : BIOS.obj (.text:ti_sysbios_family_c64p_Hwi_disableInterrupt__E)
                  c3018ce0    00000040                   : BIOS.obj (.text:ti_sysbios_family_c64p_Hwi_enableInterrupt__E)
                  c3018d20    00000040                   : BIOS.obj (.text:ti_sysbios_family_c64p_Hwi_getEventId__E)
                  c3018d60    00000040                   : BIOS.obj (.text:ti_sysbios_family_c64p_primus_TimerSupport_enable__E)
                  c3018da0    00000040     gpio_test_pe674.oe674 (.text:ti_sysbios_gates_GateHwi_Handle__label__S)
                  c3018de0    00000040     gpio_test_pe674.oe674 (.text:ti_sysbios_gates_GateHwi_Object__delete__S)
                  c3018e20    00000040     gpio_test_pe674.oe674 (.text:ti_sysbios_gates_GateMutex_Handle__label__S)
                  c3018e60    00000040     sysbios.ae674 : BIOS.obj (.text:ti_sysbios_gates_GateMutex_Instance_init__E)
                  c3018ea0    00000040     gpio_test_pe674.oe674 (.text:ti_sysbios_gates_GateMutex_Object__delete__S)
                  c3018ee0    00000040     sysbios.ae674 : BIOS.obj (.text:ti_sysbios_gates_GateMutex_leave__E)
                  c3018f20    00000040     gpio_test_pe674.oe674 (.text:ti_sysbios_hal_Hwi_HwiProxy_getStackInfo__E)
                  c3018f60    00000040     gpio_test_pe674.oe674 (.text:ti_sysbios_heaps_HeapBuf_Object__get__S)
                  c3018fa0    00000040     gpio_test_pe674.oe674 (.text:ti_sysbios_heaps_HeapMem_Handle__label__S)
                  c3018fe0    00000040     gpio_test_pe674.oe674 (.text:ti_sysbios_heaps_HeapMem_Object__delete__S)
                  c3019020    00000040     gpio_test_pe674.oe674 (.text:ti_sysbios_knl_Clock_Module_State_clockQ)
                  c3019060    00000040     gpio_test_pe674.oe674 (.text:ti_sysbios_knl_Queue_Object__get__S)
                  c30190a0    00000040     gpio_test_pe674.oe674 (.text:ti_sysbios_knl_Queue_destruct)
                  c30190e0    00000040     gpio_test_pe674.oe674 (.text:ti_sysbios_knl_Semaphore_Params__init__S)
                  c3019120    00000040     gpio_test_pe674.oe674 (.text:ti_sysbios_knl_Semaphore_destruct)
                  c3019160    00000040     gpio_test_pe674.oe674 (.text:ti_sysbios_knl_Swi_Object__get__S)
                  c30191a0    00000040     gpio_test_pe674.oe674 (.text:ti_sysbios_knl_Task_Params__init__S)
                  c30191e0    00000040     sysbios.ae674 : BIOS.obj (.text:ti_sysbios_knl_Task_sleepTimeout__I)
                  c3019220    00000040     gpio_test_pe674.oe674 (.text:ti_sysbios_timers_timer64_Timer_Module__startupDone__F)
                  c3019260    00000040     rts6740_elf.lib : wcslen.c.obj (.text:wcslen)
                  c30192a0    00000040     ti.targets.rts6000.ae674 : Error.oe674 (.text:xdc_runtime_Error_check__E)
                  c30192e0    00000040                              : Error.oe674 (.text:xdc_runtime_Error_init__E)
                  c3019320    00000040     gpio_test_pe674.oe674 (.text:xdc_runtime_IHeap_alloc)
                  c3019360    00000040     gpio_test_pe674.oe674 (.text:xdc_runtime_IHeap_free)
                  c30193a0    00000040     ti.targets.rts6000.ae674 : Registry.oe674 (.text:xdc_runtime_Registry_findById__E)
                  c30193e0    00000040     gpio_test_pe674.oe674 (.text:xdc_runtime_Startup_exec__I)
                  c3019420    00000040     ti.targets.rts6000.ae674 : System.oe674 (.text:xdc_runtime_System_abort__E)
                  c3019460    00000040     gpio_test_pe674.oe674 (.text:xdc_runtime_System_aprintf__E)
                  c30194a0    00000040     ti.targets.rts6000.ae674 : System.oe674 (.text:xdc_runtime_System_exit__E)
                  c30194e0    00000040     gpio_test_pe674.oe674 (.text:xdc_runtime_System_printf__E)
                  c3019520    00000040     gpio_test_pe674.oe674 (.text:xdc_runtime_Text_visitRope__I)
                  c3019560    00000020     ti.board.ae674 : lcdkOMAPL138_pll.oe674 (.text:Board_PLLInit)
                  c3019580    00000020                    : lcdkOMAPL138_lld_init.oe674 (.text:Board_uartStdioInit)
                  c30195a0    00000020     ti.osal.ae674 : EventCombinerP_tirtos.oe674 (.text:EventCombinerP_disableEvent)
                  c30195c0    00000020                   : EventCombinerP_tirtos.oe674 (.text:EventCombinerP_dispatchPlug)
                  c30195e0    00000020                   : EventCombinerP_tirtos.oe674 (.text:EventCombinerP_enableEvent)
                  c3019600    00000020     ti.csl.ae674 : gpio.oe674 (.text:GPIOIntrClearMask_v0)
                  c3019620    00000020                  : gpio.oe674 (.text:GPIOIntrStatusMask_v0)
                  c3019640    00000020     ti.drv.gpio.ae674 : GPIO_soc.oe674 (.text:GPIO_socGetNumPinsPorts)
                  c3019660    00000020     ti.osal.ae674 : HwiP_tirtos.oe674 (.text:HwiP_Params_init)
                  c3019680    00000020                   : HwiP_tirtos.oe674 (.text:HwiP_clearInterrupt)
                  c30196a0    00000020                   : HwiP_tirtos.oe674 (.text:HwiP_disable)
                  c30196c0    00000020                   : HwiP_tirtos.oe674 (.text:HwiP_restore)
                  c30196e0    00000020                   : MuxIntcP_tirtos.oe674 (.text:MuxIntcP_clearInEvent)
                  c3019700    00000020     ti.drv.uart.ae674 : UART_drv.oe674 (.text:UART_Params_init)
                  c3019720    00000020                       : UART_v0.oe674 (.text:UART_control_v0$0)
                  c3019740    00000020     ti.csl.ae674 : uart.oe674 (.text:UART_divisorLatchDisable_v0)
                  c3019760    00000020                  : uart.oe674 (.text:UART_fIFOCharPut_v0)
                  c3019780    00000020                  : uart.oe674 (.text:UART_fifoEmpty_v0)
                  c30197a0    00000020     ti.drv.uart.ae674 : UART_v0.oe674 (.text:UART_init_v0$0)
                  c30197c0    00000020     ti.csl.ae674 : uart.oe674 (.text:UART_operatingModeSelect_v0)
                  c30197e0    00000020     ti.drv.uart.ae674 : UART_status.oe674 (.text:UART_printStatus)
                  c3019800    00000020     ti.csl.ae674 : uart.oe674 (.text:UART_pwremuConfig_v0)
                  c3019820    00000020     ti.drv.uart.ae674 : UART_drv.oe674 (.text:UART_write)
                  c3019840    00000020                       : UART_drv.oe674 (.text:UART_writePolling)
                  c3019860    00000020     rts6740_elf.lib : errno.c.obj (.text:__c6xabi_errno_addr)
                  c3019880    00000020                     : push.asm.obj (.text:__pop_rts)
                  c30198a0    00000020                     : push.asm.obj (.text:__push_rts)
                  c30198c0    00000020                     : _lock.c.obj (.text:_nop)
                  c30198e0    00000020                     : printf.c.obj (.text:_outc)
                  c3019900    00000020                     : printf.c.obj (.text:_outs)
                  c3019920    00000020                     : _lock.c.obj (.text:_register_lock)
                  c3019940    00000020                     : _lock.c.obj (.text:_register_unlock)
                  c3019960    00000020                     : signbit.c.obj (.text:_signbit)
                  c3019980    00000020                     : startup.c.obj (.text:_system_post_cinit)
                  c30199a0    00000020     sysbios.ae674 : c62_TaskSupport_asm.obj (.text:_ti_sysbios_family_c62_TaskSupport_glue)
                  c30199c0    00000020     rts6740_elf.lib : exit.c.obj (.text:abort)
                  c30199e0    00000020                     : copy_decompress_none.c.obj (.text:decompress:none:__TI_decompress_none)
                  c3019a00    00000020                     : copy_decompress_rle.c.obj (.text:decompress:rle24:__TI_decompress_rle24)
                  c3019a20    00000020     gpio_test_pe674.oe674 (.text:malloc)
                  c3019a40    00000020     rts6740_elf.lib : fputc.c.obj (.text:putchar)
                  c3019a60    00000020     gpio_test_pe674.oe674 (.text:ti_sysbios_BIOS_RtsGateProxy_enter__E)
                  c3019a80    00000020     gpio_test_pe674.oe674 (.text:ti_sysbios_BIOS_RtsGateProxy_leave__E)
                  c3019aa0    00000020     sysbios.ae674 : BIOS.obj (.text:ti_sysbios_BIOS_exit__E)
                  c3019ac0    00000020                   : BIOS.obj (.text:ti_sysbios_BIOS_getThreadType__E)
                  c3019ae0    00000020                   : BIOS.obj (.text:ti_sysbios_BIOS_linkedWithIncorrectBootLibrary__E)
                  c3019b00    00000020     gpio_test_pe674.oe674 (.text:ti_sysbios_BIOS_nullFunc__I)
                  c3019b20    00000020     sysbios.ae674 : BIOS.obj (.text:ti_sysbios_BIOS_setThreadType__E)
                  c3019b40    00000020                   : BIOS.obj (.text:ti_sysbios_BIOS_start__E)
                  c3019b60    00000020     gpio_test_pe674.oe674 (.text:ti_sysbios_family_c62_TaskSupport_Module__startupDone__S)
                  c3019b80    00000020     sysbios.ae674 : BIOS.obj (.text:ti_sysbios_family_c62_TaskSupport_getStackAlignment__E)
                  c3019ba0    00000020                   : BIOS.obj (.text:ti_sysbios_family_c64p_Cache_wbInv__E)
                  c3019bc0    00000020     gpio_test_pe674.oe674 (.text:ti_sysbios_family_c64p_Hwi_Module__startupDone__S)
                  c3019be0    00000020     sysbios.ae674 : BIOS.obj (.text:ti_sysbios_family_c64p_Hwi_clearInterrupt__E)
                  c3019c00    00000020                   : BIOS.obj (.text:ti_sysbios_family_c64p_Hwi_getFunc__E)
                  c3019c20    00000020                   : BIOS.obj (.text:ti_sysbios_family_c64p_Hwi_getHandle__E)
                  c3019c40    00000020                   : BIOS.obj (.text:ti_sysbios_family_c64p_Hwi_startup__E)
                  c3019c60    00000020                   : BIOS.obj (.text:ti_sysbios_family_c64p_Hwi_switchFromBootStack__E)
                  c3019c80    00000020                   : BIOS.obj (.text:ti_sysbios_family_c64p_Hwi_unPluggedInterrupt__I)
                  c3019ca0    00000020                   : BIOS.obj (.text:ti_sysbios_gates_GateHwi_Instance_init__E)
                  c3019cc0    00000020                   : BIOS.obj (.text:ti_sysbios_gates_GateHwi_enter__E)
                  c3019ce0    00000020                   : BIOS.obj (.text:ti_sysbios_gates_GateHwi_leave__E)
                  c3019d00    00000020                   : BIOS.obj (.text:ti_sysbios_gates_GateHwi_query__E)
                  c3019d20    00000020                   : BIOS.obj (.text:ti_sysbios_gates_GateMutex_Instance_finalize__E)
                  c3019d40    00000020                   : BIOS.obj (.text:ti_sysbios_gates_GateMutex_query__E)
                  c3019d60    00000020     gpio_test_pe674.oe674 (.text:ti_sysbios_hal_Hwi_HwiProxy_Module__startupDone__S)
                  c3019d80    00000020     gpio_test_pe674.oe674 (.text:ti_sysbios_hal_Hwi_HwiProxy_clearInterrupt__E)
                  c3019da0    00000020     gpio_test_pe674.oe674 (.text:ti_sysbios_hal_Hwi_HwiProxy_disableInterrupt__E)
                  c3019dc0    00000020     gpio_test_pe674.oe674 (.text:ti_sysbios_hal_Hwi_HwiProxy_enableInterrupt__E)
                  c3019de0    00000020     gpio_test_pe674.oe674 (.text:ti_sysbios_hal_Hwi_HwiProxy_startup__E)
                  c3019e00    00000020     gpio_test_pe674.oe674 (.text:ti_sysbios_hal_Hwi_HwiProxy_switchFromBootStack__E)
                  c3019e20    00000020     sysbios.ae674 : BIOS.obj (.text:ti_sysbios_hal_Hwi_Module_startup__E)
                  c3019e40    00000020     gpio_test_pe674.oe674 (.text:ti_sysbios_heaps_HeapMem_Module_GateProxy_enter__E)
                  c3019e60    00000020     gpio_test_pe674.oe674 (.text:ti_sysbios_heaps_HeapMem_Module_GateProxy_leave__E)
                  c3019e80    00000020     gpio_test_pe674.oe674 (.text:ti_sysbios_heaps_HeapMem_Module_GateProxy_query__E)
                  c3019ea0    00000020     sysbios.ae674 : BIOS.obj (.text:ti_sysbios_heaps_HeapMem_isBlocking__E)
                  c3019ec0    00000020     gpio_test_pe674.oe674 (.text:ti_sysbios_knl_Clock_TimerProxy_Module__startupDone__S)
                  c3019ee0    00000020     gpio_test_pe674.oe674 (.text:ti_sysbios_knl_Clock_TimerProxy_getMaxTicks__E)
                  c3019f00    00000020     sysbios.ae674 : BIOS.obj (.text:ti_sysbios_knl_Idle_loop__E)
                  c3019f20    00000020                   : BIOS.obj (.text:ti_sysbios_knl_Queue_Instance_init__E)
                  c3019f40    00000020                   : BIOS.obj (.text:ti_sysbios_knl_Queue_empty__E)
                  c3019f60    00000020                   : BIOS.obj (.text:ti_sysbios_knl_Semaphore_Instance_finalize__E)
                  c3019f80    00000020                   : BIOS.obj (.text:ti_sysbios_knl_Swi_disable__E)
                  c3019fa0    00000020     gpio_test_pe674.oe674 (.text:ti_sysbios_knl_Task_SupportProxy_Module__startupDone__S)
                  c3019fc0    00000020     gpio_test_pe674.oe674 (.text:ti_sysbios_knl_Task_SupportProxy_getStackAlignment__E)
                  c3019fe0    00000020     gpio_test_pe674.oe674 (.text:ti_sysbios_knl_Task_SupportProxy_start__E)
                  c301a000    00000020     gpio_test_pe674.oe674 (.text:ti_sysbios_knl_Task_SupportProxy_swap__E)
                  c301a020    00000020     sysbios.ae674 : BIOS.obj (.text:ti_sysbios_knl_Task_disable__E)
                  c301a040    00000020                   : BIOS.obj (.text:ti_sysbios_knl_Task_startup__E)
                  c301a060    00000020     gpio_test_pe674.oe674 (.text:ti_sysbios_timers_timer64_Timer_Module__startupDone__S)
                  c301a080    00000020     gpio_test_pe674.oe674 (.text:ti_sysbios_timers_timer64_Timer_TimerSupportProxy_enable__E)
                  c301a0a0    00000020     sysbios.ae674 : BIOS.obj (.text:ti_sysbios_timers_timer64_Timer_getMaxTicks__E)
                  c301a0c0    00000020     gpio_test_pe674.oe674 (.text:xdc_iargToPtr)
                  c301a0e0    00000020     ti.targets.rts6000.ae674 : Error.oe674 (.text:xdc_runtime_Error_getSite__E)
                  c301a100    00000020                              : Error.oe674 (.text:xdc_runtime_Error_raiseX__E)
                  c301a120    00000020                              : Gate.oe674 (.text:xdc_runtime_Gate_enterSystem__E)
                  c301a140    00000020                              : Gate.oe674 (.text:xdc_runtime_Gate_leaveSystem__E)
                  c301a160    00000020     gpio_test_pe674.oe674 (.text:xdc_runtime_Memory_HeapProxy_alloc__E)
                  c301a180    00000020     gpio_test_pe674.oe674 (.text:xdc_runtime_Memory_HeapProxy_free__E)
                  c301a1a0    00000020     ti.targets.rts6000.ae674 : Memory.oe674 (.text:xdc_runtime_Memory_calloc__E)
                  c301a1c0    00000020                              : Memory.oe674 (.text:xdc_runtime_Memory_free__E)
                  c301a1e0    00000020                              : Memory.oe674 (.text:xdc_runtime_Memory_getMaxDefaultTypeAlign__E)
                  c301a200    00000020     gpio_test_pe674.oe674 (.text:xdc_runtime_Startup_reset__I)
                  c301a220    00000020     ti.targets.rts6000.ae674 : Startup.oe674 (.text:xdc_runtime_Startup_rtsDone__E)
                  c301a240    00000020                              : SysStd.oe674 (.text:xdc_runtime_SysStd_exit__E)
                  c301a260    00000020                              : SysStd.oe674 (.text:xdc_runtime_SysStd_putch__E)
                  c301a280    00000020                              : SysStd.oe674 (.text:xdc_runtime_SysStd_ready__E)
                  c301a2a0    00000020     gpio_test_pe674.oe674 (.text:xdc_runtime_System_Module_GateProxy_enter__E)
                  c301a2c0    00000020     gpio_test_pe674.oe674 (.text:xdc_runtime_System_Module_GateProxy_leave__E)
                  c301a2e0    00000020     ti.targets.rts6000.ae674 : System.oe674 (.text:xdc_runtime_System_Module_startup__E)
                  c301a300    00000020     gpio_test_pe674.oe674 (.text:xdc_runtime_System_SupportProxy_abort__E)
                  c301a320    00000020     gpio_test_pe674.oe674 (.text:xdc_runtime_System_SupportProxy_exit__E)
                  c301a340    00000020     gpio_test_pe674.oe674 (.text:xdc_runtime_System_SupportProxy_putch__E)
                  c301a360    00000020     gpio_test_pe674.oe674 (.text:xdc_runtime_System_SupportProxy_ready__E)
                  c301a380    00000020     ti.targets.rts6000.ae674 : System.oe674 (.text:xdc_runtime_System_vsnprintf__E)
                  c301a3a0    00000020                              : Text.oe674 (.text:xdc_runtime_Text_ropeText__E)

.far       0    c3232000    00003b50     UNINITIALIZED
                  c3232000    00001800     gpio_test_pe674.oe674 (.far:taskStackSection)
                  c3233800    00000b40     (.common:GPIO_intCfgs)
                  c3234340    00000b40     ti.osal.ae674 : SemaphoreP_tirtos.oe674 (.far:gOsalSemPTiRtosPool$0)
                  c3234e80    00000500                   : HwiP_tirtos.oe674 (.far:gOsalHwiPTiRtosPool$0)
                  c3235380    00000480     ti.drv.gpio.ae674 : GPIO_v0.oe674 (.far:gpioCallbackInfo$0)
                  c3235800    00000204     (.common:UartObjects)
                  c3235a04    00000004     --HOLE--
                  c3235a08    00000140     (.common:__TI_tmpnams)
                  c3235b48    00000008     (.common:parmbuf)

.const     0    c3235b50    0000297c     
                  c3235b50    00001954     gpio_test_pe674.oe674 (.const:xdc_runtime_Text_charTab__A)
                  c32374a4    00000518     sysbios.ae674 : BIOS.obj (.const:.string)
                  c32379bc    00000004     ti.targets.rts6000.ae674 : Assert.oe674 (.const:.string)
                  c32379c0    00000101     rts6740_elf.lib : ctype.c.obj (.const:.string:_ctypes_)
                  c3237ac1    00000001     gpio_test_pe674.oe674 (.const:ti_sysbios_timers_timer64_Timer_localTimerBaseId__C)
                  c3237ac2    00000002     gpio_test_pe674.oe674 (.const:ti_sysbios_family_c64p_Cache_Module__id__C)
                  c3237ac4    00000004     gpio_test_pe674.oe674 (.const:ti_sysbios_BIOS_installedErrorHook__C)
                  c3237ac8    000000f4     gpio_test_pe674.oe674 (.const:xdc_runtime_Text_nodeTab__A)
                  c3237bbc    000000ac     gpio_test_pe674.oe674 (.const:.string)
                  c3237c68    00000070     main_led_blink.obj (.const:.string)
                  c3237cd8    00000058     ti.targets.rts6000.ae674 : Error.oe674 (.const:.string)
                  c3237d30    00000044     gpio_test_pe674.oe674 (.const:ti_sysbios_knl_Task_Object__PARAMS__C)
                  c3237d74    00000040     ti.targets.rts6000.ae674 : Text.oe674 (.const:.string)
                  c3237db4    00000040     ti.drv.uart.ae674 : UART_drv.oe674 (.const:UART_defaultParams)
                  c3237df4    00000030                       : UART_v0.oe674 (.const:UART_FxnTable_v0)
                  c3237e24    00000004     gpio_test_pe674.oe674 (.const:ti_sysbios_family_c62_TaskSupport_stackAlignment__C)
                  c3237e28    00000030     ti.drv.uart.ae674 : UART_soc.oe674 (.const:UART_config)
                  c3237e58    00000030     gpio_test_pe674.oe674 (.const:ti_sysbios_family_c64p_Hwi_Object__PARAMS__C)
                  c3237e88    0000002c     ti.targets.rts6000.ae674 : Startup.oe674 (.const:.string)
                  c3237eb4    00000004     gpio_test_pe674.oe674 (.const:ti_sysbios_family_c64p_Cache_EMIFA_BASE__C)
                  c3237eb8    0000002c     gpio_test_pe674.oe674 (.const:xdc_runtime_Startup_sfxnTab__A)
                  c3237ee4    00000028     gpio_test_pe674.oe674 (.const:ti_sysbios_heaps_HeapMem_Module__FXNS__C)
                  c3237f0c    00000024     rts6740_elf.lib : _printfi.c.obj (.const:.string)
                  c3237f30    00000024     ti.drv.gpio.ae674 : GPIO_v0.oe674 (.const:GPIO_FxnTable_v0)
                  c3237f54    00000004     gpio_test_pe674.oe674 (.const:ti_sysbios_family_c64p_Cache_EMIFA_CFG__C)
                  c3237f58    00000024     ti.drv.gpio.ae674 : GPIO_soc.oe674 (.const:GPIO_config)
                  c3237f7c    00000024     gpio_test_pe674.oe674 (.const:ti_sysbios_gates_GateHwi_Module__FXNS__C)
                  c3237fa0    00000024     gpio_test_pe674.oe674 (.const:ti_sysbios_gates_GateMutex_Module__FXNS__C)
                  c3237fc4    00000024     gpio_test_pe674.oe674 (.const:ti_sysbios_heaps_HeapMem_Object__PARAMS__C)
                  c3237fe8    00000024     gpio_test_pe674.oe674 (.const:ti_sysbios_knl_Semaphore_Object__PARAMS__C)
                  c323800c    00000020     ti.osal.ae674 : SemaphoreP_tirtos.oe674 (.const:.string)
                  c323802c    00000020     gpio_test_pe674.oe674 (.const:ti_sysbios_family_c64p_Hwi_Object__DESC__C)
                  c323804c    00000020     gpio_test_pe674.oe674 (.const:ti_sysbios_gates_GateHwi_Object__DESC__C)
                  c323806c    00000020     gpio_test_pe674.oe674 (.const:ti_sysbios_gates_GateMutex_Object__DESC__C)
                  c323808c    00000020     gpio_test_pe674.oe674 (.const:ti_sysbios_heaps_HeapMem_Object__DESC__C)
                  c32380ac    00000020     gpio_test_pe674.oe674 (.const:ti_sysbios_knl_Queue_Object__DESC__C)
                  c32380cc    00000020     gpio_test_pe674.oe674 (.const:ti_sysbios_knl_Semaphore_Object__DESC__C)
                  c32380ec    00000020     gpio_test_pe674.oe674 (.const:ti_sysbios_knl_Task_Object__DESC__C)
                  c323810c    0000001c     ti.osal.ae674 : HwiP_tirtos.oe674 (.const:.string)
                  c3238128    00000018     ti.drv.uart.ae674 : UART_stdio.oe674 (.const:.string)
                  c3238140    00000018     ti.targets.rts6000.ae674 : System.oe674 (.const:.string)
                  c3238158    00000018     gpio_test_pe674.oe674 (.const:ti_sysbios_gates_GateHwi_Object__PARAMS__C)
                  c3238170    00000018     gpio_test_pe674.oe674 (.const:ti_sysbios_gates_GateMutex_Object__PARAMS__C)
                  c3238188    00000018     gpio_test_pe674.oe674 (.const:ti_sysbios_knl_Queue_Object__PARAMS__C)
                  c32381a0    00000016     gpio_test_pe674.oe674 (.const:xdc_runtime_Startup_sfxnRts__A)
                  c32381b6    00000002     gpio_test_pe674.oe674 (.const:ti_sysbios_family_c64p_EventCombiner_Module__id__C)
                  c32381b8    00000010     gpio_test_pe674.oe674 (.const:ti_sysbios_family_c64p_EventCombiner_EVTMASK__C)
                  c32381c8    0000000c     ti.drv.uart.ae674 : UART_v0.oe674 (.const:.string)
                  c32381d4    00000004     gpio_test_pe674.oe674 (.const:ti_sysbios_family_c64p_Cache_EMIFA_LENGTH__C)
                  c32381d8    0000000a     ti.drv.uart.ae674 : UART_stdio.oe674 (.const:.string:$P$T1$2$0)
                  c32381e2    00000002     gpio_test_pe674.oe674 (.const:ti_sysbios_family_c64p_Exception_Module__id__C)
                  c32381e4    00000008     gpio_test_pe674.oe674 (.const:ti_sysbios_knl_Idle_funcList__C)
                  c32381ec    00000004     gpio_test_pe674.oe674 (.const:ti_sysbios_family_c64p_Cache_EMIFB_BASE__C)
                  c32381f0    00000008     gpio_test_pe674.oe674 (.const:xdc_runtime_Startup_firstFxns__A)
                  c32381f8    00000008     gpio_test_pe674.oe674 (.const:xdc_runtime_Startup_firstFxns__C)
                  c3238200    00000008     gpio_test_pe674.oe674 (.const:xdc_runtime_Startup_lastFxns__C)
                  c3238208    00000004     gpio_test_pe674.oe674 (.const:ti_sysbios_family_c64p_Cache_EMIFB_CFG__C)
                  c323820c    00000004     gpio_test_pe674.oe674 (.const:ti_sysbios_family_c64p_Cache_EMIFB_LENGTH__C)
                  c3238210    00000004     gpio_test_pe674.oe674 (.const:ti_sysbios_family_c64p_Cache_EMIFC_BASE__C)
                  c3238214    00000004     gpio_test_pe674.oe674 (.const:ti_sysbios_family_c64p_Cache_EMIFC_CFG__C)
                  c3238218    00000004     gpio_test_pe674.oe674 (.const:ti_sysbios_family_c64p_Cache_EMIFC_LENGTH__C)
                  c323821c    00000004     gpio_test_pe674.oe674 (.const:ti_sysbios_family_c64p_Cache_E_invalidL1CacheSize__C)
                  c3238220    00000004     gpio_test_pe674.oe674 (.const:ti_sysbios_family_c64p_Cache_E_invalidL2CacheSize__C)
                  c3238224    00000004     gpio_test_pe674.oe674 (.const:ti_sysbios_family_c64p_Cache_MAR0_31__C)
                  c3238228    00000004     gpio_test_pe674.oe674 (.const:ti_sysbios_family_c64p_Cache_MAR128_159__C)
                  c323822c    00000004     gpio_test_pe674.oe674 (.const:ti_sysbios_family_c64p_Cache_MAR160_191__C)
                  c3238230    00000004     gpio_test_pe674.oe674 (.const:ti_sysbios_family_c64p_Cache_MAR192_223__C)
                  c3238234    00000004     gpio_test_pe674.oe674 (.const:ti_sysbios_family_c64p_Cache_MAR224_255__C)
                  c3238238    00000004     gpio_test_pe674.oe674 (.const:ti_sysbios_family_c64p_Cache_MAR32_63__C)
                  c323823c    00000004     gpio_test_pe674.oe674 (.const:ti_sysbios_family_c64p_Cache_MAR64_95__C)
                  c3238240    00000004     gpio_test_pe674.oe674 (.const:ti_sysbios_family_c64p_Cache_MAR96_127__C)
                  c3238244    00000004     gpio_test_pe674.oe674 (.const:ti_sysbios_family_c64p_EventCombiner_A_invalidEventId__C)
                  c3238248    00000004     gpio_test_pe674.oe674 (.const:ti_sysbios_family_c64p_EventCombiner_E_unpluggedEvent__C)
                  c323824c    00000004     gpio_test_pe674.oe674 (.const:ti_sysbios_family_c64p_EventCombiner_Module__diagsEnabled__C)
                  c3238250    00000004     gpio_test_pe674.oe674 (.const:ti_sysbios_family_c64p_EventCombiner_Module__diagsIncluded__C)
                  c3238254    00000004     gpio_test_pe674.oe674 (.const:ti_sysbios_family_c64p_EventCombiner_Module__diagsMask__C)
                  c3238258    00000004     gpio_test_pe674.oe674 (.const:ti_sysbios_family_c64p_Exception_E_exceptionMax__C)
                  c323825c    00000004     gpio_test_pe674.oe674 (.const:ti_sysbios_family_c64p_Exception_exceptionHook__C)
                  c3238260    00000004     gpio_test_pe674.oe674 (.const:ti_sysbios_family_c64p_Exception_externalHook__C)
                  c3238264    00000004     gpio_test_pe674.oe674 (.const:ti_sysbios_family_c64p_Exception_internalHook__C)
                  c3238268    00000004     gpio_test_pe674.oe674 (.const:ti_sysbios_family_c64p_Exception_nmiHook__C)
                  c323826c    00000004     gpio_test_pe674.oe674 (.const:ti_sysbios_family_c64p_Hwi_E_alreadyDefined__C)
                  c3238270    00000004     gpio_test_pe674.oe674 (.const:ti_sysbios_family_c64p_Hwi_E_handleNotFound__C)
                  c3238274    00000004     gpio_test_pe674.oe674 (.const:ti_sysbios_family_c64p_Hwi_E_invalidIntNum__C)
                  c3238278    00000004     gpio_test_pe674.oe674 (.const:ti_sysbios_family_c64p_Hwi_LD_end__C)
                  c323827c    00000004     gpio_test_pe674.oe674 (.const:ti_sysbios_family_c64p_Hwi_LM_begin__C)
                  c3238280    00000004     gpio_test_pe674.oe674 (.const:ti_sysbios_family_c64p_Hwi_Module__diagsEnabled__C)
                  c3238284    00000004     gpio_test_pe674.oe674 (.const:ti_sysbios_family_c64p_Hwi_Module__diagsIncluded__C)
                  c3238288    00000004     gpio_test_pe674.oe674 (.const:ti_sysbios_family_c64p_Hwi_Module__diagsMask__C)
                  c323828c    00000004     gpio_test_pe674.oe674 (.const:ti_sysbios_family_c64p_Hwi_Module__loggerFxn1__C)
                  c3238290    00000004     gpio_test_pe674.oe674 (.const:ti_sysbios_family_c64p_Hwi_Module__loggerFxn8__C)
                  c3238294    00000004     gpio_test_pe674.oe674 (.const:ti_sysbios_family_c64p_Hwi_Module__loggerObj__C)
                  c3238298    00000004     gpio_test_pe674.oe674 (.const:ti_sysbios_gates_GateMutex_A_badContext__C)
                  c323829c    00000004     gpio_test_pe674.oe674 (.const:ti_sysbios_gates_GateMutex_Instance_State_sem__O)
                  c32382a0    00000004     gpio_test_pe674.oe674 (.const:ti_sysbios_gates_GateMutex_Module__diagsEnabled__C)
                  c32382a4    00000004     gpio_test_pe674.oe674 (.const:ti_sysbios_gates_GateMutex_Module__diagsIncluded__C)
                  c32382a8    00000004     gpio_test_pe674.oe674 (.const:ti_sysbios_gates_GateMutex_Module__diagsMask__C)
                  c32382ac    00000004     gpio_test_pe674.oe674 (.const:ti_sysbios_hal_Hwi_E_stackOverflow__C)
                  c32382b0    00000004     gpio_test_pe674.oe674 (.const:ti_sysbios_heaps_HeapBuf_Instance_State_freeList__O)
                  c32382b4    00000004     gpio_test_pe674.oe674 (.const:ti_sysbios_heaps_HeapBuf_Object__count__C)
                  c32382b8    00000004     gpio_test_pe674.oe674 (.const:ti_sysbios_heaps_HeapBuf_numConstructedHeaps__C)
                  c32382bc    00000004     gpio_test_pe674.oe674 (.const:ti_sysbios_heaps_HeapMem_A_align__C)
                  c32382c0    00000004     gpio_test_pe674.oe674 (.const:ti_sysbios_heaps_HeapMem_A_heapSize__C)
                  c32382c4    00000004     gpio_test_pe674.oe674 (.const:ti_sysbios_heaps_HeapMem_A_invalidFree__C)
                  c32382c8    00000004     gpio_test_pe674.oe674 (.const:ti_sysbios_heaps_HeapMem_A_zeroBlock__C)
                  c32382cc    00000004     gpio_test_pe674.oe674 (.const:ti_sysbios_heaps_HeapMem_E_memory__C)
                  c32382d0    00000004     gpio_test_pe674.oe674 (.const:ti_sysbios_heaps_HeapMem_Module__diagsEnabled__C)
                  c32382d4    00000004     gpio_test_pe674.oe674 (.const:ti_sysbios_heaps_HeapMem_Module__diagsIncluded__C)
                  c32382d8    00000004     gpio_test_pe674.oe674 (.const:ti_sysbios_heaps_HeapMem_Module__diagsMask__C)
                  c32382dc    00000004     gpio_test_pe674.oe674 (.const:ti_sysbios_heaps_HeapMem_Module__gateObj__C)
                  c32382e0    00000004     gpio_test_pe674.oe674 (.const:ti_sysbios_heaps_HeapMem_Object__count__C)
                  c32382e4    00000004     gpio_test_pe674.oe674 (.const:ti_sysbios_heaps_HeapMem_Object__table__C)
                  c32382e8    00000004     gpio_test_pe674.oe674 (.const:ti_sysbios_heaps_HeapMem_reqAlign__C)
                  c32382ec    00000004     gpio_test_pe674.oe674 (.const:ti_sysbios_knl_Clock_LM_begin__C)
                  c32382f0    00000004     gpio_test_pe674.oe674 (.const:ti_sysbios_knl_Clock_LM_tick__C)
                  c32382f4    00000004     gpio_test_pe674.oe674 (.const:ti_sysbios_knl_Clock_LW_delayed__C)
                  c32382f8    00000004     gpio_test_pe674.oe674 (.const:ti_sysbios_knl_Clock_Module_State_clockQ__O)
                  c32382fc    00000004     gpio_test_pe674.oe674 (.const:ti_sysbios_knl_Clock_Module__diagsEnabled__C)
                  c3238300    00000004     gpio_test_pe674.oe674 (.const:ti_sysbios_knl_Clock_Module__diagsIncluded__C)
                  c3238304    00000004     gpio_test_pe674.oe674 (.const:ti_sysbios_knl_Clock_Module__diagsMask__C)
                  c3238308    00000004     gpio_test_pe674.oe674 (.const:ti_sysbios_knl_Clock_Module__loggerFxn1__C)
                  c323830c    00000004     gpio_test_pe674.oe674 (.const:ti_sysbios_knl_Clock_Module__loggerFxn2__C)
                  c3238310    00000004     gpio_test_pe674.oe674 (.const:ti_sysbios_knl_Clock_Module__loggerObj__C)
                  c3238314    00000004     gpio_test_pe674.oe674 (.const:ti_sysbios_knl_Semaphore_A_badContext__C)
                  c3238318    00000004     gpio_test_pe674.oe674 (.const:ti_sysbios_knl_Idle_funcList__A)
                  c323831c    00000004     gpio_test_pe674.oe674 (.const:ti_sysbios_knl_Semaphore_A_noEvents__C)
                  c3238320    00000004     gpio_test_pe674.oe674 (.const:ti_sysbios_knl_Semaphore_A_overflow__C)
                  c3238324    00000004     gpio_test_pe674.oe674 (.const:ti_sysbios_knl_Semaphore_A_pendTaskDisabled__C)
                  c3238328    00000004     gpio_test_pe674.oe674 (.const:ti_sysbios_knl_Semaphore_Instance_State_pendQ__O)
                  c323832c    00000004     gpio_test_pe674.oe674 (.const:ti_sysbios_knl_Semaphore_LM_pend__C)
                  c3238330    00000004     gpio_test_pe674.oe674 (.const:ti_sysbios_knl_Semaphore_LM_post__C)
                  c3238334    00000004     gpio_test_pe674.oe674 (.const:ti_sysbios_knl_Semaphore_Module__diagsEnabled__C)
                  c3238338    00000004     gpio_test_pe674.oe674 (.const:ti_sysbios_knl_Semaphore_Module__diagsIncluded__C)
                  c323833c    00000004     gpio_test_pe674.oe674 (.const:ti_sysbios_knl_Semaphore_Module__diagsMask__C)
                  c3238340    00000004     gpio_test_pe674.oe674 (.const:ti_sysbios_knl_Semaphore_Module__loggerFxn2__C)
                  c3238344    00000004     gpio_test_pe674.oe674 (.const:ti_sysbios_knl_Semaphore_Module__loggerFxn4__C)
                  c3238348    00000004     gpio_test_pe674.oe674 (.const:ti_sysbios_knl_Semaphore_Module__loggerObj__C)
                  c323834c    00000004     gpio_test_pe674.oe674 (.const:ti_sysbios_knl_Swi_LD_end__C)
                  c3238350    00000004     gpio_test_pe674.oe674 (.const:ti_sysbios_knl_Swi_LM_begin__C)
                  c3238354    00000004     gpio_test_pe674.oe674 (.const:ti_sysbios_knl_Swi_LM_post__C)
                  c3238358    00000004     gpio_test_pe674.oe674 (.const:ti_sysbios_knl_Swi_Module__diagsEnabled__C)
                  c323835c    00000004     gpio_test_pe674.oe674 (.const:ti_sysbios_knl_Swi_Module__diagsIncluded__C)
                  c3238360    00000004     gpio_test_pe674.oe674 (.const:ti_sysbios_knl_Swi_Module__diagsMask__C)
                  c3238364    00000004     gpio_test_pe674.oe674 (.const:ti_sysbios_knl_Swi_Module__loggerFxn1__C)
                  c3238368    00000004     gpio_test_pe674.oe674 (.const:ti_sysbios_knl_Swi_Module__loggerFxn4__C)
                  c323836c    00000004     gpio_test_pe674.oe674 (.const:ti_sysbios_knl_Swi_Module__loggerObj__C)
                  c3238370    00000004     gpio_test_pe674.oe674 (.const:ti_sysbios_knl_Swi_Object__count__C)
                  c3238374    00000004     gpio_test_pe674.oe674 (.const:ti_sysbios_knl_Swi_Object__table__C)
                  c3238378    00000004     gpio_test_pe674.oe674 (.const:ti_sysbios_knl_Task_A_badPriority__C)
                  c323837c    00000004     gpio_test_pe674.oe674 (.const:ti_sysbios_knl_Task_A_badTaskState__C)
                  c3238380    00000004     gpio_test_pe674.oe674 (.const:ti_sysbios_knl_Task_A_badThreadType__C)
                  c3238384    00000004     gpio_test_pe674.oe674 (.const:ti_sysbios_knl_Task_A_badTimeout__C)
                  c3238388    00000004     gpio_test_pe674.oe674 (.const:ti_sysbios_knl_Task_A_noPendElem__C)
                  c323838c    00000004     gpio_test_pe674.oe674 (.const:ti_sysbios_knl_Task_A_sleepTaskDisabled__C)
                  c3238390    00000004     gpio_test_pe674.oe674 (.const:ti_sysbios_knl_Task_LD_block__C)
                  c3238394    00000004     gpio_test_pe674.oe674 (.const:ti_sysbios_knl_Task_LD_exit__C)
                  c3238398    00000004     gpio_test_pe674.oe674 (.const:ti_sysbios_knl_Task_LD_ready__C)
                  c323839c    00000004     gpio_test_pe674.oe674 (.const:ti_sysbios_knl_Task_LM_sleep__C)
                  c32383a0    00000004     gpio_test_pe674.oe674 (.const:ti_sysbios_knl_Task_LM_switch__C)
                  c32383a4    00000004     gpio_test_pe674.oe674 (.const:ti_sysbios_knl_Task_Module_State_inactiveQ__O)
                  c32383a8    00000004     gpio_test_pe674.oe674 (.const:ti_sysbios_knl_Task_Module__diagsEnabled__C)
                  c32383ac    00000004     gpio_test_pe674.oe674 (.const:ti_sysbios_knl_Task_Module__diagsIncluded__C)
                  c32383b0    00000004     gpio_test_pe674.oe674 (.const:ti_sysbios_knl_Task_Module__diagsMask__C)
                  c32383b4    00000004     gpio_test_pe674.oe674 (.const:ti_sysbios_knl_Task_Module__loggerFxn2__C)
                  c32383b8    00000004     gpio_test_pe674.oe674 (.const:ti_sysbios_knl_Task_Module__loggerFxn4__C)
                  c32383bc    00000004     gpio_test_pe674.oe674 (.const:ti_sysbios_knl_Task_Module__loggerObj__C)
                  c32383c0    00000004     gpio_test_pe674.oe674 (.const:ti_sysbios_knl_Task_Object__count__C)
                  c32383c4    00000004     gpio_test_pe674.oe674 (.const:ti_sysbios_knl_Task_Object__table__C)
                  c32383c8    00000004     gpio_test_pe674.oe674 (.const:ti_sysbios_knl_Task_allBlockedFunc__C)
                  c32383cc    00000004     gpio_test_pe674.oe674 (.const:ti_sysbios_knl_Task_defaultStackHeap__C)
                  c32383d0    00000004     gpio_test_pe674.oe674 (.const:ti_sysbios_knl_Task_defaultStackSize__C)
                  c32383d4    00000004     gpio_test_pe674.oe674 (.const:ti_sysbios_knl_Task_numConstructedTasks__C)
                  c32383d8    00000004     gpio_test_pe674.oe674 (.const:ti_sysbios_timers_timer64_Timer_A_notAvailable__C)
                  c32383dc    00000004     gpio_test_pe674.oe674 (.const:ti_sysbios_timers_timer64_Timer_E_cannotSupport__C)
                  c32383e0    00000004     gpio_test_pe674.oe674 (.const:ti_sysbios_timers_timer64_Timer_Module__diagsEnabled__C)
                  c32383e4    00000004     gpio_test_pe674.oe674 (.const:ti_sysbios_timers_timer64_Timer_Module__diagsIncluded__C)
                  c32383e8    00000004     gpio_test_pe674.oe674 (.const:ti_sysbios_timers_timer64_Timer_Module__diagsMask__C)
                  c32383ec    00000004     gpio_test_pe674.oe674 (.const:ti_sysbios_timers_timer64_Timer_anyMaskHigh__C)
                  c32383f0    00000004     gpio_test_pe674.oe674 (.const:ti_sysbios_timers_timer64_Timer_anyMask__C)
                  c32383f4    00000004     gpio_test_pe674.oe674 (.const:ti_sysbios_timers_timer64_Timer_freqDivisor__C)
                  c32383f8    00000004     gpio_test_pe674.oe674 (.const:ti_sysbios_timers_timer64_Timer_numLocalTimers__C)
                  c32383fc    00000004     gpio_test_pe674.oe674 (.const:ti_sysbios_timers_timer64_Timer_numTimerDevices__C)
                  c3238400    00000004     gpio_test_pe674.oe674 (.const:xdc_runtime_Assert_E_assertFailed__C)
                  c3238404    00000004     gpio_test_pe674.oe674 (.const:xdc_runtime_Core_A_initializedParams__C)
                  c3238408    00000004     gpio_test_pe674.oe674 (.const:xdc_runtime_Core_Module__diagsEnabled__C)
                  c323840c    00000004     gpio_test_pe674.oe674 (.const:xdc_runtime_Core_Module__diagsIncluded__C)
                  c3238410    00000004     gpio_test_pe674.oe674 (.const:xdc_runtime_Core_Module__diagsMask__C)
                  c3238414    00000004     gpio_test_pe674.oe674 (.const:xdc_runtime_Error_E_memory__C)
                  c3238418    00000004     gpio_test_pe674.oe674 (.const:xdc_runtime_Error_Module__diagsEnabled__C)
                  c323841c    00000004     gpio_test_pe674.oe674 (.const:xdc_runtime_Error_Module__diagsIncluded__C)
                  c3238420    00000004     gpio_test_pe674.oe674 (.const:xdc_runtime_Error_Module__diagsMask__C)
                  c3238424    00000004     gpio_test_pe674.oe674 (.const:xdc_runtime_Error_Module__loggerFxn8__C)
                  c3238428    00000004     gpio_test_pe674.oe674 (.const:xdc_runtime_Error_Module__loggerObj__C)
                  c323842c    00000004     gpio_test_pe674.oe674 (.const:xdc_runtime_Error_policyFxn__C)
                  c3238430    00000004     gpio_test_pe674.oe674 (.const:xdc_runtime_Error_policy__C)
                  c3238434    00000004     gpio_test_pe674.oe674 (.const:xdc_runtime_Error_raiseHook__C)
                  c3238438    00000004     gpio_test_pe674.oe674 (.const:xdc_runtime_IGateProvider_Interface__BASE__C)
                  c323843c    00000004     gpio_test_pe674.oe674 (.const:xdc_runtime_IHeap_Interface__BASE__C)
                  c3238440    00000004     gpio_test_pe674.oe674 (.const:xdc_runtime_IModule_Interface__BASE__C)
                  c3238444    00000004     gpio_test_pe674.oe674 (.const:xdc_runtime_Log_L_error__C)
                  c3238448    00000004     gpio_test_pe674.oe674 (.const:xdc_runtime_Main_Module__diagsEnabled__C)
                  c323844c    00000004     gpio_test_pe674.oe674 (.const:xdc_runtime_Main_Module__diagsIncluded__C)
                  c3238450    00000004     gpio_test_pe674.oe674 (.const:xdc_runtime_Main_Module__diagsMask__C)
                  c3238454    00000004     gpio_test_pe674.oe674 (.const:xdc_runtime_Memory_defaultHeapInstance__C)
                  c3238458    00000004     gpio_test_pe674.oe674 (.const:xdc_runtime_Startup_execImpl__C)
                  c323845c    00000004     gpio_test_pe674.oe674 (.const:xdc_runtime_Startup_maxPasses__C)
                  c3238460    00000004     gpio_test_pe674.oe674 (.const:xdc_runtime_Startup_sfxnRts__C)
                  c3238464    00000004     gpio_test_pe674.oe674 (.const:xdc_runtime_Startup_sfxnTab__C)
                  c3238468    00000004     gpio_test_pe674.oe674 (.const:xdc_runtime_Startup_startModsFxn__C)
                  c323846c    00000004     gpio_test_pe674.oe674 (.const:xdc_runtime_System_Module__gateObj__C)
                  c3238470    00000004     gpio_test_pe674.oe674 (.const:xdc_runtime_System_abortFxn__C)
                  c3238474    00000004     gpio_test_pe674.oe674 (.const:xdc_runtime_System_exitFxn__C)
                  c3238478    00000004     gpio_test_pe674.oe674 (.const:xdc_runtime_System_extendFxn__C)
                  c323847c    00000004     gpio_test_pe674.oe674 (.const:xdc_runtime_System_maxAtexitHandlers__C)
                  c3238480    00000004     gpio_test_pe674.oe674 (.const:xdc_runtime_Text_charTab__C)
                  c3238484    00000004     gpio_test_pe674.oe674 (.const:xdc_runtime_Text_nameEmpty__C)
                  c3238488    00000004     gpio_test_pe674.oe674 (.const:xdc_runtime_Text_nameStatic__C)
                  c323848c    00000004     gpio_test_pe674.oe674 (.const:xdc_runtime_Text_nameUnknown__C)
                  c3238490    00000004     gpio_test_pe674.oe674 (.const:xdc_runtime_Text_nodeTab__C)
                  c3238494    00000004     gpio_test_pe674.oe674 (.const:xdc_runtime_Text_visitRopeFxn__C)
                  c3238498    00000002     gpio_test_pe674.oe674 (.const:ti_sysbios_family_c64p_Exception_useInternalBuffer__C)
                  c323849a    00000002     gpio_test_pe674.oe674 (.const:ti_sysbios_family_c64p_Hwi_Module__id__C)
                  c323849c    00000002     gpio_test_pe674.oe674 (.const:ti_sysbios_family_c64p_Hwi_Module__loggerDefined__C)
                  c323849e    00000002     gpio_test_pe674.oe674 (.const:ti_sysbios_gates_GateMutex_Module__id__C)
                  c32384a0    00000002     gpio_test_pe674.oe674 (.const:ti_sysbios_hal_Hwi_Module__id__C)
                  c32384a2    00000002     gpio_test_pe674.oe674 (.const:ti_sysbios_heaps_HeapMem_Module__id__C)
                  c32384a4    00000002     gpio_test_pe674.oe674 (.const:ti_sysbios_knl_Clock_Module__id__C)
                  c32384a6    00000002     gpio_test_pe674.oe674 (.const:ti_sysbios_knl_Clock_Module__loggerDefined__C)
                  c32384a8    00000002     gpio_test_pe674.oe674 (.const:ti_sysbios_knl_Semaphore_Module__id__C)
                  c32384aa    00000002     gpio_test_pe674.oe674 (.const:ti_sysbios_knl_Semaphore_Module__loggerDefined__C)
                  c32384ac    00000002     gpio_test_pe674.oe674 (.const:ti_sysbios_knl_Swi_Module__id__C)
                  c32384ae    00000002     gpio_test_pe674.oe674 (.const:ti_sysbios_knl_Swi_Module__loggerDefined__C)
                  c32384b0    00000002     gpio_test_pe674.oe674 (.const:ti_sysbios_knl_Task_Module__id__C)
                  c32384b2    00000002     gpio_test_pe674.oe674 (.const:ti_sysbios_knl_Task_Module__loggerDefined__C)
                  c32384b4    00000002     gpio_test_pe674.oe674 (.const:ti_sysbios_timers_timer64_Timer_Module__id__C)
                  c32384b6    00000002     gpio_test_pe674.oe674 (.const:ti_sysbios_timers_timer64_Timer_startupNeeded__C)
                  c32384b8    00000002     gpio_test_pe674.oe674 (.const:ti_sysbios_timers_timer64_Timer_useTimer64pRegMap__C)
                  c32384ba    00000002     gpio_test_pe674.oe674 (.const:xdc_runtime_Core_Module__id__C)
                  c32384bc    00000002     gpio_test_pe674.oe674 (.const:xdc_runtime_Error_Module__loggerDefined__C)
                  c32384be    00000002     gpio_test_pe674.oe674 (.const:xdc_runtime_Error_maxDepth__C)
                  c32384c0    00000002     gpio_test_pe674.oe674 (.const:xdc_runtime_Main_Module__id__C)
                  c32384c2    00000002     gpio_test_pe674.oe674 (.const:xdc_runtime_Memory_Module__id__C)
                  c32384c4    00000002     gpio_test_pe674.oe674 (.const:xdc_runtime_Text_charCnt__C)
                  c32384c6    00000002     gpio_test_pe674.oe674 (.const:xdc_runtime_Text_isLoaded__C)
                  c32384c8    00000002     gpio_test_pe674.oe674 (.const:xdc_runtime_Text_registryModsLastId__C)
[...]
c3238268  ti_sysbios_family_c64p_Exception_nmiHook__C                         
c323826c  ti_sysbios_family_c64p_Hwi_E_alreadyDefined__C                      
c3238270  ti_sysbios_family_c64p_Hwi_E_handleNotFound__C                      
c3238274  ti_sysbios_family_c64p_Hwi_E_invalidIntNum__C                       
c3238278  ti_sysbios_family_c64p_Hwi_LD_end__C                                
c323827c  ti_sysbios_family_c64p_Hwi_LM_begin__C                              
c3238280  ti_sysbios_family_c64p_Hwi_Module__diagsEnabled__C                  
c3238284  ti_sysbios_family_c64p_Hwi_Module__diagsIncluded__C                 
c3238288  ti_sysbios_family_c64p_Hwi_Module__diagsMask__C                     
c323828c  ti_sysbios_family_c64p_Hwi_Module__loggerFxn1__C                    
c3238290  ti_sysbios_family_c64p_Hwi_Module__loggerFxn8__C                    
c3238294  ti_sysbios_family_c64p_Hwi_Module__loggerObj__C                     
c3238298  ti_sysbios_gates_GateMutex_A_badContext__C                          
c323829c  ti_sysbios_gates_GateMutex_Instance_State_sem__O                    
c32382a0  ti_sysbios_gates_GateMutex_Module__diagsEnabled__C                  
c32382a4  ti_sysbios_gates_GateMutex_Module__diagsIncluded__C                 
c32382a8  ti_sysbios_gates_GateMutex_Module__diagsMask__C                     
c32382ac  ti_sysbios_hal_Hwi_E_stackOverflow__C                               
c32382b0  ti_sysbios_heaps_HeapBuf_Instance_State_freeList__O                 
c32382b4  ti_sysbios_heaps_HeapBuf_Object__count__C                           
c32382b8  ti_sysbios_heaps_HeapBuf_numConstructedHeaps__C                     
c32382bc  ti_sysbios_heaps_HeapMem_A_align__C                                 
c32382c0  ti_sysbios_heaps_HeapMem_A_heapSize__C                              
c32382c4  ti_sysbios_heaps_HeapMem_A_invalidFree__C                           
c32382c8  ti_sysbios_heaps_HeapMem_A_zeroBlock__C                             
c32382cc  ti_sysbios_heaps_HeapMem_E_memory__C                                
c32382d0  ti_sysbios_heaps_HeapMem_Module__diagsEnabled__C                    
c32382d4  ti_sysbios_heaps_HeapMem_Module__diagsIncluded__C                   
c32382d8  ti_sysbios_heaps_HeapMem_Module__diagsMask__C                       
c32382dc  ti_sysbios_heaps_HeapMem_Module__gateObj__C                         
c32382e0  ti_sysbios_heaps_HeapMem_Object__count__C                           
c32382e4  ti_sysbios_heaps_HeapMem_Object__table__C                           
c32382e8  ti_sysbios_heaps_HeapMem_reqAlign__C                                
c32382ec  ti_sysbios_knl_Clock_LM_begin__C                                    
c32382f0  ti_sysbios_knl_Clock_LM_tick__C                                     
c32382f4  ti_sysbios_knl_Clock_LW_delayed__C                                  
c32382f8  ti_sysbios_knl_Clock_Module_State_clockQ__O                         
c32382fc  ti_sysbios_knl_Clock_Module__diagsEnabled__C                        
c3238300  ti_sysbios_knl_Clock_Module__diagsIncluded__C                       
c3238304  ti_sysbios_knl_Clock_Module__diagsMask__C                           
c3238308  ti_sysbios_knl_Clock_Module__loggerFxn1__C                          
c323830c  ti_sysbios_knl_Clock_Module__loggerFxn2__C                          
c3238310  ti_sysbios_knl_Clock_Module__loggerObj__C                           
c3238314  ti_sysbios_knl_Semaphore_A_badContext__C                            
c3238318  ti_sysbios_knl_Idle_funcList__A                                     
c323831c  ti_sysbios_knl_Semaphore_A_noEvents__C                              
c3238320  ti_sysbios_knl_Semaphore_A_overflow__C                              
c3238324  ti_sysbios_knl_Semaphore_A_pendTaskDisabled__C                      
c3238328  ti_sysbios_knl_Semaphore_Instance_State_pendQ__O                    
c323832c  ti_sysbios_knl_Semaphore_LM_pend__C                                 
c3238330  ti_sysbios_knl_Semaphore_LM_post__C                                 
c3238334  ti_sysbios_knl_Semaphore_Module__diagsEnabled__C                    
c3238338  ti_sysbios_knl_Semaphore_Module__diagsIncluded__C                   
c323833c  ti_sysbios_knl_Semaphore_Module__diagsMask__C                       
c3238340  ti_sysbios_knl_Semaphore_Module__loggerFxn2__C                      
c3238344  ti_sysbios_knl_Semaphore_Module__loggerFxn4__C                      
c3238348  ti_sysbios_knl_Semaphore_Module__loggerObj__C                       
c323834c  ti_sysbios_knl_Swi_LD_end__C                                        
c3238350  ti_sysbios_knl_Swi_LM_begin__C                                      
c3238354  ti_sysbios_knl_Swi_LM_post__C                                       
c3238358  ti_sysbios_knl_Swi_Module__diagsEnabled__C                          
c323835c  ti_sysbios_knl_Swi_Module__diagsIncluded__C                         
c3238360  ti_sysbios_knl_Swi_Module__diagsMask__C                             
c3238364  ti_sysbios_knl_Swi_Module__loggerFxn1__C                            
c3238368  ti_sysbios_knl_Swi_Module__loggerFxn4__C                            
c323836c  ti_sysbios_knl_Swi_Module__loggerObj__C                             
c3238370  ti_sysbios_knl_Swi_Object__count__C                                 
c3238374  ti_sysbios_knl_Swi_Object__table__C                                 
c3238378  ti_sysbios_knl_Task_A_badPriority__C                                
c323837c  ti_sysbios_knl_Task_A_badTaskState__C                               
c3238380  ti_sysbios_knl_Task_A_badThreadType__C                              
c3238384  ti_sysbios_knl_Task_A_badTimeout__C                                 
c3238388  ti_sysbios_knl_Task_A_noPendElem__C                                 
c323838c  ti_sysbios_knl_Task_A_sleepTaskDisabled__C                          
c3238390  ti_sysbios_knl_Task_LD_block__C                                     
c3238394  ti_sysbios_knl_Task_LD_exit__C                                      
c3238398  ti_sysbios_knl_Task_LD_ready__C                                     
c323839c  ti_sysbios_knl_Task_LM_sleep__C                                     
c32383a0  ti_sysbios_knl_Task_LM_switch__C                                    
c32383a4  ti_sysbios_knl_Task_Module_State_inactiveQ__O                       
c32383a8  ti_sysbios_knl_Task_Module__diagsEnabled__C                         
c32383ac  ti_sysbios_knl_Task_Module__diagsIncluded__C                        
c32383b0  ti_sysbios_knl_Task_Module__diagsMask__C                            
c32383b4  ti_sysbios_knl_Task_Module__loggerFxn2__C                           
c32383b8  ti_sysbios_knl_Task_Module__loggerFxn4__C                           
c32383bc  ti_sysbios_knl_Task_Module__loggerObj__C                            
c32383c0  ti_sysbios_knl_Task_Object__count__C                                
c32383c4  ti_sysbios_knl_Task_Object__table__C                                
c32383c8  ti_sysbios_knl_Task_allBlockedFunc__C                               
c32383cc  ti_sysbios_knl_Task_defaultStackHeap__C                             
c32383d0  ti_sysbios_knl_Task_defaultStackSize__C                             
c32383d4  ti_sysbios_knl_Task_numConstructedTasks__C                          
c32383d8  ti_sysbios_timers_timer64_Timer_A_notAvailable__C                   
c32383dc  ti_sysbios_timers_timer64_Timer_E_cannotSupport__C                  
c32383e0  ti_sysbios_timers_timer64_Timer_Module__diagsEnabled__C             
c32383e4  ti_sysbios_timers_timer64_Timer_Module__diagsIncluded__C            
c32383e8  ti_sysbios_timers_timer64_Timer_Module__diagsMask__C                
c32383ec  ti_sysbios_timers_timer64_Timer_anyMaskHigh__C                      
c32383f0  ti_sysbios_timers_timer64_Timer_anyMask__C                          
c32383f4  ti_sysbios_timers_timer64_Timer_freqDivisor__C                      
c32383f8  ti_sysbios_timers_timer64_Timer_numLocalTimers__C                   
c32383fc  ti_sysbios_timers_timer64_Timer_numTimerDevices__C                  
c3238400  xdc_runtime_Assert_E_assertFailed__C                                
c3238404  xdc_runtime_Core_A_initializedParams__C                             
c3238408  xdc_runtime_Core_Module__diagsEnabled__C                            
c323840c  xdc_runtime_Core_Module__diagsIncluded__C                           
c3238410  xdc_runtime_Core_Module__diagsMask__C                               
c3238414  xdc_runtime_Error_E_memory__C                                       
c3238418  xdc_runtime_Error_Module__diagsEnabled__C                           
c323841c  xdc_runtime_Error_Module__diagsIncluded__C                          
c3238420  xdc_runtime_Error_Module__diagsMask__C                              
c3238424  xdc_runtime_Error_Module__loggerFxn8__C                             
c3238428  xdc_runtime_Error_Module__loggerObj__C                              
c323842c  xdc_runtime_Error_policyFxn__C                                      
c3238430  xdc_runtime_Error_policy__C                                         
c3238434  xdc_runtime_Error_raiseHook__C                                      
c3238438  xdc_runtime_IGateProvider_Interface__BASE__C                        
c323843c  xdc_runtime_IHeap_Interface__BASE__C                                
c3238440  xdc_runtime_IModule_Interface__BASE__C                              
c3238444  xdc_runtime_Log_L_error__C                                          
c3238448  xdc_runtime_Main_Module__diagsEnabled__C                            
c323844c  xdc_runtime_Main_Module__diagsIncluded__C                           
c3238450  xdc_runtime_Main_Module__diagsMask__C                               
c3238454  xdc_runtime_Memory_defaultHeapInstance__C                           
c3238458  xdc_runtime_Startup_execImpl__C                                     
c323845c  xdc_runtime_Startup_maxPasses__C                                    
c3238460  xdc_runtime_Startup_sfxnRts__C                                      
c3238464  xdc_runtime_Startup_sfxnTab__C                                      
c3238468  xdc_runtime_Startup_startModsFxn__C                                 
c323846c  xdc_runtime_System_Module__gateObj__C                               
c3238470  xdc_runtime_System_abortFxn__C                                      
c3238474  xdc_runtime_System_exitFxn__C                                       
c3238478  xdc_runtime_System_extendFxn__C                                     
c323847c  xdc_runtime_System_maxAtexitHandlers__C                             
c3238480  xdc_runtime_Text_charTab__C                                         
c3238484  xdc_runtime_Text_nameEmpty__C                                       
c3238488  xdc_runtime_Text_nameStatic__C                                      
c323848c  xdc_runtime_Text_nameUnknown__C                                     
c3238490  xdc_runtime_Text_nodeTab__C                                         
c3238494  xdc_runtime_Text_visitRopeFxn__C                                    
c3238498  ti_sysbios_family_c64p_Exception_useInternalBuffer__C               
c323849a  ti_sysbios_family_c64p_Hwi_Module__id__C                            
c323849c  ti_sysbios_family_c64p_Hwi_Module__loggerDefined__C                 
c323849e  ti_sysbios_gates_GateMutex_Module__id__C                            
c32384a0  ti_sysbios_hal_Hwi_Module__id__C                                    
c32384a2  ti_sysbios_heaps_HeapMem_Module__id__C                              
c32384a4  ti_sysbios_knl_Clock_Module__id__C                                  
c32384a6  ti_sysbios_knl_Clock_Module__loggerDefined__C                       
c32384a8  ti_sysbios_knl_Semaphore_Module__id__C                              
c32384aa  ti_sysbios_knl_Semaphore_Module__loggerDefined__C                   
c32384ac  ti_sysbios_knl_Swi_Module__id__C                                    
c32384ae  ti_sysbios_knl_Swi_Module__loggerDefined__C                         
c32384b0  ti_sysbios_knl_Task_Module__id__C                                   
c32384b2  ti_sysbios_knl_Task_Module__loggerDefined__C                        
c32384b4  ti_sysbios_timers_timer64_Timer_Module__id__C                       
c32384b6  ti_sysbios_timers_timer64_Timer_startupNeeded__C                    
c32384b8  ti_sysbios_timers_timer64_Timer_useTimer64pRegMap__C                
c32384ba  xdc_runtime_Core_Module__id__C                                      
c32384bc  xdc_runtime_Error_Module__loggerDefined__C                          
c32384be  xdc_runtime_Error_maxDepth__C                                       
c32384c0  xdc_runtime_Main_Module__id__C                                      
c32384c2  xdc_runtime_Memory_Module__id__C                                    
c32384c4  xdc_runtime_Text_charCnt__C                                         
c32384c6  xdc_runtime_Text_isLoaded__C                                        
c32384c8  xdc_runtime_Text_registryModsLastId__C                              
c32384ca  xdc_runtime_Text_unnamedModsLastId__C                               
c32384d0  _stack                                                              
c32394d0  __TI_STACK_END                                                      
c32394d0  ti_sysbios_family_c64p_EventCombiner_Module__state__V               
c32398d0  _ftable                                                             
c3239ab0  uartInitCfg                                                         
c3239bac  _lock                                                               
c3239bb0  ti_sysbios_knl_Task_Object__table__V                                
c3239c68  GPIO_defaultIntCfg                                                  
c3239d1c  _unlock                                                             
c3239d20  _stream                                                             
c3239dc0  ti_sysbios_knl_Swi_Module_State_0_readyQ__A                         
c3239e40  _device                                                             
c3239eb8  ti_sysbios_family_c64p_Hwi_Module__state__V                         
c3239f24  __TI_ft_end                                                         
c3239f28  GPIO_v0_hwAttrs                                                     
c3239f88  ti_sysbios_timers_timer64_Timer_Module_State_0_device__A            
c3239fe8  ti_sysbios_timers_timer64_Timer_Object__table__V                    
c323a038  ti_sysbios_knl_Task_Module__state__V                                
c323a080  ti_sysbios_gates_GateMutex_Object__table__V                         
c323a0c0  gOsal_HwAttrs                                                       
c323a0f0  ti_sysbios_family_c64p_Exception_Module__state__V                   
c323a120  ti_sysbios_knl_Swi_Object__table__V                                 
c323a150  ti_sysbios_knl_Clock_Module__state__V                               
c323a17c  ti_sysbios_BIOS_Module__state__V                                    
c323a1a0  ti_sysbios_knl_Task_Module_State_0_readyQ__A                        
c323a1c0  ti_sysbios_timers_timer64_Timer_Module_State_0_gctrl__A             
c323a1e0  ti_sysbios_timers_timer64_Timer_Module_State_0_handles__A           
c323a200  ti_sysbios_timers_timer64_Timer_Module_State_0_intFreqs__A          
c323a220  xdc_runtime_Error_IgnoreBlock                                       
c323a240  xdc_runtime_System_Module_State_0_atexitHandlers__A                 
c323a260  ti_sysbios_knl_Swi_Module__state__V                                 
c323a27c  __errno                                                             
c323a27c  errno                                                               
c323a280  ti_sysbios_family_c64p_Hwi_Object__table__V                         
c323a298  ti_sysbios_heaps_HeapMem_Object__table__V                           
c323a2b0  ti_sysbios_timers_timer64_Timer_Module__state__V                    
c323a2c8  GPIO_v0_config                                                      
c323a2dc  __TI_cleanup_ptr                                                    
c323a2e0  __TI_dtors_ptr                                                      
c323a2e4  __TI_enable_exit_profile_output                                     
c323a2e8  gpioCallbackFunctions                                               
c323a2f0  gpioPinConfigs                                                      
c323a2f8  ti_sysbios_family_c64p_Hwi_Module__root__V                          
c323a300  ti_sysbios_family_c64p_primus_TimerSupport_Module_State_0_suspSrc__A
c323a308  ti_sysbios_gates_GateHwi_Module__root__V                            
c323a310  ti_sysbios_gates_GateMutex_Module__root__V                          
c323a318  ti_sysbios_hal_Hwi_Object__table__V                                 
c323a320  ti_sysbios_heaps_HeapMem_Module__root__V                            
c323a328  ti_sysbios_knl_Queue_Module__root__V                                
c323a330  ti_sysbios_knl_Semaphore_Module__root__V                            
c323a338  ti_sysbios_knl_Task_Module__root__V                                 
c323a340  uart_stdio                                                          
c323a348  xdc_runtime_Registry_Module__state__V                               
c323a350  xdc_runtime_Startup_Module__state__V                                
c323a358  xdc_runtime_System_Module__state__V                                 
c323a360  ti_sysbios_family_c64p_Cache_Module__state__V                       
c323a364  ti_sysbios_family_c64p_primus_TimerSupport_Module__state__V         
c323a368  ti_sysbios_gates_GateHwi_Object__table__V                           
c323a36c  ti_sysbios_heaps_HeapBuf_Module__state__V                           
c323a370  ti_sysbios_knl_Task_Module_State_0_idleTask__A                      
c323a374  xdc_runtime_Memory_Module__state__V                                 
c323a378  xdc_runtime_Error_Module__state__V                                  
c323a380  __CIOBUF_                                                           
c323a530  __TI_STATIC_BASE                                                    
c323a530  gOsalSemAllocCnt                                                    
c323a534  gOsalSemPeak                                                        
c323a538  gOsalTimerAllocCnt                                                  
c323a53c  gOsalTimerPeak                                                      
c323a540  gOsalHwiAllocCnt                                                    
c323a544  gOsalHwiPeak                                                        
c323a550  gpio_intr_triggered                                                 
c323ade8  __TI_Handler_Table_Base                                             
c323adf0  __TI_CINIT_Base                                                     
c323adf0  __TI_Handler_Table_Limit                                            
c323ae10  __TI_CINIT_Limit                                                    
c3600000  _c_int00                                                            
ffffffff  __TI_pprof_out_hndl                                                 
ffffffff  __TI_prof_data_size                                                 
ffffffff  __TI_prof_data_start                                                
ffffffff  __binit__                                                           
ffffffff  __c_args__                                                          
ffffffff  binit                                                               
UNDEFED   __TI_INITARRAY_Base                                                 
UNDEFED   __TI_INITARRAY_Limit                                                
UNDEFED   __TI_TLS_INIT_Base                                                  
UNDEFED   __TI_TLS_INIT_Limit                                                 

[767 symbols]
